Archive member included because of file (symbol)

/home/miro/toolchain/libopencm3/lib/libopencm3_stm32f1.a(gpio.o)
                              blink.o (gpio_set_mode)
/home/miro/toolchain/libopencm3/lib/libopencm3_stm32f1.a(rcc.o)
                              blink.o (rcc_clock_setup_in_hse_8mhz_out_72mhz)
/home/miro/toolchain/libopencm3/lib/libopencm3_stm32f1.a(timer_common_all.o)
                              blink.o (timer_set_mode)
/home/miro/toolchain/libopencm3/lib/libopencm3_stm32f1.a(rcc_common_all.o)
                              blink.o (rcc_periph_clock_enable)
/home/miro/toolchain/libopencm3/lib/libopencm3_stm32f1.a(flash_common_f01.o)
                              /home/miro/toolchain/libopencm3/lib/libopencm3_stm32f1.a(rcc.o) (flash_set_ws)
/home/miro/toolchain/libopencm3/lib/libopencm3_stm32f1.a(vector.o)
                              (reset_handler)
/home/miro/toolchain/libopencm3/lib/libopencm3_stm32f1.a(assert.o)
                              /home/miro/toolchain/libopencm3/lib/libopencm3_stm32f1.a(rcc.o) (cm3_assert_failed)
/home/miro/toolchain/libopencm3/lib/libopencm3_stm32f1.a(flash.o)
                              /home/miro/toolchain/libopencm3/lib/libopencm3_stm32f1.a(flash_common_f01.o) (flash_get_status_flags)

Discarded input sections

 .text          0x0000000000000000        0x0 blink.o
 .data          0x0000000000000000        0x0 blink.o
 .bss           0x0000000000000000        0x0 blink.o
 .group         0x0000000000000000        0x8 /home/miro/toolchain/libopencm3/lib/libopencm3_stm32f1.a(gpio.o)
 .group         0x0000000000000000        0x8 /home/miro/toolchain/libopencm3/lib/libopencm3_stm32f1.a(gpio.o)
 .group         0x0000000000000000        0x8 /home/miro/toolchain/libopencm3/lib/libopencm3_stm32f1.a(gpio.o)
 .group         0x0000000000000000        0x8 /home/miro/toolchain/libopencm3/lib/libopencm3_stm32f1.a(gpio.o)
 .group         0x0000000000000000        0x8 /home/miro/toolchain/libopencm3/lib/libopencm3_stm32f1.a(gpio.o)
 .group         0x0000000000000000        0x8 /home/miro/toolchain/libopencm3/lib/libopencm3_stm32f1.a(gpio.o)
 .group         0x0000000000000000        0x8 /home/miro/toolchain/libopencm3/lib/libopencm3_stm32f1.a(gpio.o)
 .group         0x0000000000000000        0x8 /home/miro/toolchain/libopencm3/lib/libopencm3_stm32f1.a(gpio.o)
 .group         0x0000000000000000        0x8 /home/miro/toolchain/libopencm3/lib/libopencm3_stm32f1.a(gpio.o)
 .group         0x0000000000000000        0x8 /home/miro/toolchain/libopencm3/lib/libopencm3_stm32f1.a(gpio.o)
 .text          0x0000000000000000        0x0 /home/miro/toolchain/libopencm3/lib/libopencm3_stm32f1.a(gpio.o)
 .data          0x0000000000000000        0x0 /home/miro/toolchain/libopencm3/lib/libopencm3_stm32f1.a(gpio.o)
 .bss           0x0000000000000000        0x0 /home/miro/toolchain/libopencm3/lib/libopencm3_stm32f1.a(gpio.o)
 .text.gpio_set_eventout
                0x0000000000000000       0x10 /home/miro/toolchain/libopencm3/lib/libopencm3_stm32f1.a(gpio.o)
 .text.gpio_secondary_remap
                0x0000000000000000       0x10 /home/miro/toolchain/libopencm3/lib/libopencm3_stm32f1.a(gpio.o)
 .group         0x0000000000000000        0x8 /home/miro/toolchain/libopencm3/lib/libopencm3_stm32f1.a(rcc.o)
 .group         0x0000000000000000        0x8 /home/miro/toolchain/libopencm3/lib/libopencm3_stm32f1.a(rcc.o)
 .group         0x0000000000000000        0x8 /home/miro/toolchain/libopencm3/lib/libopencm3_stm32f1.a(rcc.o)
 .group         0x0000000000000000        0x8 /home/miro/toolchain/libopencm3/lib/libopencm3_stm32f1.a(rcc.o)
 .group         0x0000000000000000        0x8 /home/miro/toolchain/libopencm3/lib/libopencm3_stm32f1.a(rcc.o)
 .group         0x0000000000000000        0x8 /home/miro/toolchain/libopencm3/lib/libopencm3_stm32f1.a(rcc.o)
 .group         0x0000000000000000        0x8 /home/miro/toolchain/libopencm3/lib/libopencm3_stm32f1.a(rcc.o)
 .group         0x0000000000000000        0x8 /home/miro/toolchain/libopencm3/lib/libopencm3_stm32f1.a(rcc.o)
 .group         0x0000000000000000        0x8 /home/miro/toolchain/libopencm3/lib/libopencm3_stm32f1.a(rcc.o)
 .group         0x0000000000000000        0x8 /home/miro/toolchain/libopencm3/lib/libopencm3_stm32f1.a(rcc.o)
 .group         0x0000000000000000        0x8 /home/miro/toolchain/libopencm3/lib/libopencm3_stm32f1.a(rcc.o)
 .group         0x0000000000000000        0x8 /home/miro/toolchain/libopencm3/lib/libopencm3_stm32f1.a(rcc.o)
 .text          0x0000000000000000        0x0 /home/miro/toolchain/libopencm3/lib/libopencm3_stm32f1.a(rcc.o)
 .data          0x0000000000000000        0x0 /home/miro/toolchain/libopencm3/lib/libopencm3_stm32f1.a(rcc.o)
 .bss           0x0000000000000000        0x0 /home/miro/toolchain/libopencm3/lib/libopencm3_stm32f1.a(rcc.o)
 .text.rcc_osc_ready_int_clear
                0x0000000000000000       0x5c /home/miro/toolchain/libopencm3/lib/libopencm3_stm32f1.a(rcc.o)
 .text.rcc_osc_ready_int_enable
                0x0000000000000000       0x5c /home/miro/toolchain/libopencm3/lib/libopencm3_stm32f1.a(rcc.o)
 .text.rcc_osc_ready_int_disable
                0x0000000000000000       0x5c /home/miro/toolchain/libopencm3/lib/libopencm3_stm32f1.a(rcc.o)
 .text.rcc_osc_ready_int_flag
                0x0000000000000000       0x54 /home/miro/toolchain/libopencm3/lib/libopencm3_stm32f1.a(rcc.o)
 .text.rcc_css_int_clear
                0x0000000000000000       0x10 /home/miro/toolchain/libopencm3/lib/libopencm3_stm32f1.a(rcc.o)
 .text.rcc_css_int_flag
                0x0000000000000000       0x10 /home/miro/toolchain/libopencm3/lib/libopencm3_stm32f1.a(rcc.o)
 .text.rcc_osc_off
                0x0000000000000000       0x58 /home/miro/toolchain/libopencm3/lib/libopencm3_stm32f1.a(rcc.o)
 .text.rcc_css_enable
                0x0000000000000000       0x10 /home/miro/toolchain/libopencm3/lib/libopencm3_stm32f1.a(rcc.o)
 .text.rcc_css_disable
                0x0000000000000000       0x10 /home/miro/toolchain/libopencm3/lib/libopencm3_stm32f1.a(rcc.o)
 .text.rcc_osc_bypass_enable
                0x0000000000000000       0x28 /home/miro/toolchain/libopencm3/lib/libopencm3_stm32f1.a(rcc.o)
 .text.rcc_osc_bypass_disable
                0x0000000000000000       0x28 /home/miro/toolchain/libopencm3/lib/libopencm3_stm32f1.a(rcc.o)
 .text.rcc_set_pll2_multiplication_factor
                0x0000000000000000       0x14 /home/miro/toolchain/libopencm3/lib/libopencm3_stm32f1.a(rcc.o)
 .text.rcc_set_pll3_multiplication_factor
                0x0000000000000000       0x14 /home/miro/toolchain/libopencm3/lib/libopencm3_stm32f1.a(rcc.o)
 .text.rcc_rtc_clock_enabled_flag
                0x0000000000000000       0x10 /home/miro/toolchain/libopencm3/lib/libopencm3_stm32f1.a(rcc.o)
 .text.rcc_enable_rtc_clock
                0x0000000000000000       0x10 /home/miro/toolchain/libopencm3/lib/libopencm3_stm32f1.a(rcc.o)
 .text.rcc_set_rtc_clock_source
                0x0000000000000000       0x90 /home/miro/toolchain/libopencm3/lib/libopencm3_stm32f1.a(rcc.o)
 .text.rcc_set_usbpre
                0x0000000000000000       0x18 /home/miro/toolchain/libopencm3/lib/libopencm3_stm32f1.a(rcc.o)
 .text.rcc_set_prediv1
                0x0000000000000000       0x14 /home/miro/toolchain/libopencm3/lib/libopencm3_stm32f1.a(rcc.o)
 .text.rcc_set_prediv2
                0x0000000000000000       0x14 /home/miro/toolchain/libopencm3/lib/libopencm3_stm32f1.a(rcc.o)
 .text.rcc_set_prediv1_source
                0x0000000000000000       0x18 /home/miro/toolchain/libopencm3/lib/libopencm3_stm32f1.a(rcc.o)
 .text.rcc_system_clock_source
                0x0000000000000000       0x10 /home/miro/toolchain/libopencm3/lib/libopencm3_stm32f1.a(rcc.o)
 .text.rcc_clock_setup_in_hsi_out_64mhz
                0x0000000000000000       0x74 /home/miro/toolchain/libopencm3/lib/libopencm3_stm32f1.a(rcc.o)
 .text.rcc_clock_setup_in_hsi_out_48mhz
                0x0000000000000000       0x84 /home/miro/toolchain/libopencm3/lib/libopencm3_stm32f1.a(rcc.o)
 .text.rcc_clock_setup_in_hsi_out_24mhz
                0x0000000000000000       0x70 /home/miro/toolchain/libopencm3/lib/libopencm3_stm32f1.a(rcc.o)
 .text.rcc_clock_setup_in_hse_8mhz_out_24mhz
                0x0000000000000000       0x88 /home/miro/toolchain/libopencm3/lib/libopencm3_stm32f1.a(rcc.o)
 .text.rcc_clock_setup_in_hse_12mhz_out_72mhz
                0x0000000000000000       0x8c /home/miro/toolchain/libopencm3/lib/libopencm3_stm32f1.a(rcc.o)
 .text.rcc_clock_setup_in_hse_16mhz_out_72mhz
                0x0000000000000000       0x8c /home/miro/toolchain/libopencm3/lib/libopencm3_stm32f1.a(rcc.o)
 .text.rcc_clock_setup_in_hse_25mhz_out_72mhz
                0x0000000000000000       0xa4 /home/miro/toolchain/libopencm3/lib/libopencm3_stm32f1.a(rcc.o)
 .text.rcc_backupdomain_reset
                0x0000000000000000       0x18 /home/miro/toolchain/libopencm3/lib/libopencm3_stm32f1.a(rcc.o)
 .debug_macro   0x0000000000000000      0x844 /home/miro/toolchain/libopencm3/lib/libopencm3_stm32f1.a(rcc.o)
 .debug_macro   0x0000000000000000       0x16 /home/miro/toolchain/libopencm3/lib/libopencm3_stm32f1.a(rcc.o)
 .debug_macro   0x0000000000000000       0x44 /home/miro/toolchain/libopencm3/lib/libopencm3_stm32f1.a(rcc.o)
 .debug_macro   0x0000000000000000      0x209 /home/miro/toolchain/libopencm3/lib/libopencm3_stm32f1.a(rcc.o)
 .debug_macro   0x0000000000000000       0x22 /home/miro/toolchain/libopencm3/lib/libopencm3_stm32f1.a(rcc.o)
 .debug_macro   0x0000000000000000       0xfa /home/miro/toolchain/libopencm3/lib/libopencm3_stm32f1.a(rcc.o)
 .debug_macro   0x0000000000000000       0x58 /home/miro/toolchain/libopencm3/lib/libopencm3_stm32f1.a(rcc.o)
 .debug_macro   0x0000000000000000      0x1b4 /home/miro/toolchain/libopencm3/lib/libopencm3_stm32f1.a(rcc.o)
 .group         0x0000000000000000        0x8 /home/miro/toolchain/libopencm3/lib/libopencm3_stm32f1.a(timer_common_all.o)
 .group         0x0000000000000000        0x8 /home/miro/toolchain/libopencm3/lib/libopencm3_stm32f1.a(timer_common_all.o)
 .group         0x0000000000000000        0x8 /home/miro/toolchain/libopencm3/lib/libopencm3_stm32f1.a(timer_common_all.o)
 .group         0x0000000000000000        0x8 /home/miro/toolchain/libopencm3/lib/libopencm3_stm32f1.a(timer_common_all.o)
 .group         0x0000000000000000        0x8 /home/miro/toolchain/libopencm3/lib/libopencm3_stm32f1.a(timer_common_all.o)
 .group         0x0000000000000000        0x8 /home/miro/toolchain/libopencm3/lib/libopencm3_stm32f1.a(timer_common_all.o)
 .group         0x0000000000000000        0x8 /home/miro/toolchain/libopencm3/lib/libopencm3_stm32f1.a(timer_common_all.o)
 .group         0x0000000000000000        0x8 /home/miro/toolchain/libopencm3/lib/libopencm3_stm32f1.a(timer_common_all.o)
 .group         0x0000000000000000        0x8 /home/miro/toolchain/libopencm3/lib/libopencm3_stm32f1.a(timer_common_all.o)
 .group         0x0000000000000000        0x8 /home/miro/toolchain/libopencm3/lib/libopencm3_stm32f1.a(timer_common_all.o)
 .text          0x0000000000000000        0x0 /home/miro/toolchain/libopencm3/lib/libopencm3_stm32f1.a(timer_common_all.o)
 .data          0x0000000000000000        0x0 /home/miro/toolchain/libopencm3/lib/libopencm3_stm32f1.a(timer_common_all.o)
 .bss           0x0000000000000000        0x0 /home/miro/toolchain/libopencm3/lib/libopencm3_stm32f1.a(timer_common_all.o)
 .text.timer_reset
                0x0000000000000000       0x80 /home/miro/toolchain/libopencm3/lib/libopencm3_stm32f1.a(timer_common_all.o)
 .text.timer_enable_irq
                0x0000000000000000        0x8 /home/miro/toolchain/libopencm3/lib/libopencm3_stm32f1.a(timer_common_all.o)
 .text.timer_disable_irq
                0x0000000000000000        0xa /home/miro/toolchain/libopencm3/lib/libopencm3_stm32f1.a(timer_common_all.o)
 .text.timer_interrupt_source
                0x0000000000000000       0x38 /home/miro/toolchain/libopencm3/lib/libopencm3_stm32f1.a(timer_common_all.o)
 .text.timer_get_flag
                0x0000000000000000        0xc /home/miro/toolchain/libopencm3/lib/libopencm3_stm32f1.a(timer_common_all.o)
 .text.timer_clear_flag
                0x0000000000000000        0x6 /home/miro/toolchain/libopencm3/lib/libopencm3_stm32f1.a(timer_common_all.o)
 .text.timer_set_clock_division
                0x0000000000000000       0x14 /home/miro/toolchain/libopencm3/lib/libopencm3_stm32f1.a(timer_common_all.o)
 .text.timer_enable_preload
                0x0000000000000000        0xa /home/miro/toolchain/libopencm3/lib/libopencm3_stm32f1.a(timer_common_all.o)
 .text.timer_disable_preload
                0x0000000000000000        0xa /home/miro/toolchain/libopencm3/lib/libopencm3_stm32f1.a(timer_common_all.o)
 .text.timer_set_alignment
                0x0000000000000000       0x14 /home/miro/toolchain/libopencm3/lib/libopencm3_stm32f1.a(timer_common_all.o)
 .text.timer_direction_up
                0x0000000000000000        0xa /home/miro/toolchain/libopencm3/lib/libopencm3_stm32f1.a(timer_common_all.o)
 .text.timer_direction_down
                0x0000000000000000        0xa /home/miro/toolchain/libopencm3/lib/libopencm3_stm32f1.a(timer_common_all.o)
 .text.timer_one_shot_mode
                0x0000000000000000        0xa /home/miro/toolchain/libopencm3/lib/libopencm3_stm32f1.a(timer_common_all.o)
 .text.timer_continuous_mode
                0x0000000000000000        0xa /home/miro/toolchain/libopencm3/lib/libopencm3_stm32f1.a(timer_common_all.o)
 .text.timer_update_on_any
                0x0000000000000000        0xa /home/miro/toolchain/libopencm3/lib/libopencm3_stm32f1.a(timer_common_all.o)
 .text.timer_update_on_overflow
                0x0000000000000000        0xa /home/miro/toolchain/libopencm3/lib/libopencm3_stm32f1.a(timer_common_all.o)
 .text.timer_enable_update_event
                0x0000000000000000        0xa /home/miro/toolchain/libopencm3/lib/libopencm3_stm32f1.a(timer_common_all.o)
 .text.timer_disable_update_event
                0x0000000000000000        0xa /home/miro/toolchain/libopencm3/lib/libopencm3_stm32f1.a(timer_common_all.o)
 .text.timer_disable_counter
                0x0000000000000000        0xa /home/miro/toolchain/libopencm3/lib/libopencm3_stm32f1.a(timer_common_all.o)
 .text.timer_set_output_idle_state
                0x0000000000000000       0x20 /home/miro/toolchain/libopencm3/lib/libopencm3_stm32f1.a(timer_common_all.o)
 .text.timer_reset_output_idle_state
                0x0000000000000000       0x20 /home/miro/toolchain/libopencm3/lib/libopencm3_stm32f1.a(timer_common_all.o)
 .text.timer_set_ti1_ch123_xor
                0x0000000000000000        0xa /home/miro/toolchain/libopencm3/lib/libopencm3_stm32f1.a(timer_common_all.o)
 .text.timer_set_ti1_ch1
                0x0000000000000000        0xa /home/miro/toolchain/libopencm3/lib/libopencm3_stm32f1.a(timer_common_all.o)
 .text.timer_set_master_mode
                0x0000000000000000       0x10 /home/miro/toolchain/libopencm3/lib/libopencm3_stm32f1.a(timer_common_all.o)
 .text.timer_set_dma_on_compare_event
                0x0000000000000000        0xa /home/miro/toolchain/libopencm3/lib/libopencm3_stm32f1.a(timer_common_all.o)
 .text.timer_set_dma_on_update_event
                0x0000000000000000        0xa /home/miro/toolchain/libopencm3/lib/libopencm3_stm32f1.a(timer_common_all.o)
 .text.timer_enable_compare_control_update_on_trigger
                0x0000000000000000       0x1c /home/miro/toolchain/libopencm3/lib/libopencm3_stm32f1.a(timer_common_all.o)
 .text.timer_disable_compare_control_update_on_trigger
                0x0000000000000000       0x1c /home/miro/toolchain/libopencm3/lib/libopencm3_stm32f1.a(timer_common_all.o)
 .text.timer_enable_preload_complementry_enable_bits
                0x0000000000000000       0x1c /home/miro/toolchain/libopencm3/lib/libopencm3_stm32f1.a(timer_common_all.o)
 .text.timer_disable_preload_complementry_enable_bits
                0x0000000000000000       0x1c /home/miro/toolchain/libopencm3/lib/libopencm3_stm32f1.a(timer_common_all.o)
 .text.timer_set_repetition_counter
                0x0000000000000000       0x18 /home/miro/toolchain/libopencm3/lib/libopencm3_stm32f1.a(timer_common_all.o)
 .text.timer_enable_oc_clear
                0x0000000000000000       0x34 /home/miro/toolchain/libopencm3/lib/libopencm3_stm32f1.a(timer_common_all.o)
 .text.timer_disable_oc_clear
                0x0000000000000000       0x34 /home/miro/toolchain/libopencm3/lib/libopencm3_stm32f1.a(timer_common_all.o)
 .text.timer_set_oc_fast_mode
                0x0000000000000000       0x34 /home/miro/toolchain/libopencm3/lib/libopencm3_stm32f1.a(timer_common_all.o)
 .text.timer_set_oc_slow_mode
                0x0000000000000000       0x34 /home/miro/toolchain/libopencm3/lib/libopencm3_stm32f1.a(timer_common_all.o)
 .text.timer_enable_oc_preload
                0x0000000000000000       0x34 /home/miro/toolchain/libopencm3/lib/libopencm3_stm32f1.a(timer_common_all.o)
 .text.timer_disable_oc_preload
                0x0000000000000000       0x34 /home/miro/toolchain/libopencm3/lib/libopencm3_stm32f1.a(timer_common_all.o)
 .text.timer_set_oc_polarity_high
                0x0000000000000000       0x68 /home/miro/toolchain/libopencm3/lib/libopencm3_stm32f1.a(timer_common_all.o)
 .text.timer_set_oc_polarity_low
                0x0000000000000000       0x68 /home/miro/toolchain/libopencm3/lib/libopencm3_stm32f1.a(timer_common_all.o)
 .text.timer_disable_oc_output
                0x0000000000000000       0x68 /home/miro/toolchain/libopencm3/lib/libopencm3_stm32f1.a(timer_common_all.o)
 .text.timer_set_oc_idle_state_set
                0x0000000000000000       0x5c /home/miro/toolchain/libopencm3/lib/libopencm3_stm32f1.a(timer_common_all.o)
 .text.timer_set_oc_idle_state_unset
                0x0000000000000000       0x5c /home/miro/toolchain/libopencm3/lib/libopencm3_stm32f1.a(timer_common_all.o)
 .text.timer_enable_break_main_output
                0x0000000000000000       0x1c /home/miro/toolchain/libopencm3/lib/libopencm3_stm32f1.a(timer_common_all.o)
 .text.timer_disable_break_main_output
                0x0000000000000000       0x1c /home/miro/toolchain/libopencm3/lib/libopencm3_stm32f1.a(timer_common_all.o)
 .text.timer_enable_break_automatic_output
                0x0000000000000000       0x1c /home/miro/toolchain/libopencm3/lib/libopencm3_stm32f1.a(timer_common_all.o)
 .text.timer_disable_break_automatic_output
                0x0000000000000000       0x1c /home/miro/toolchain/libopencm3/lib/libopencm3_stm32f1.a(timer_common_all.o)
 .text.timer_set_break_polarity_high
                0x0000000000000000       0x1c /home/miro/toolchain/libopencm3/lib/libopencm3_stm32f1.a(timer_common_all.o)
 .text.timer_set_break_polarity_low
                0x0000000000000000       0x1c /home/miro/toolchain/libopencm3/lib/libopencm3_stm32f1.a(timer_common_all.o)
 .text.timer_enable_break
                0x0000000000000000       0x1c /home/miro/toolchain/libopencm3/lib/libopencm3_stm32f1.a(timer_common_all.o)
 .text.timer_disable_break
                0x0000000000000000       0x1c /home/miro/toolchain/libopencm3/lib/libopencm3_stm32f1.a(timer_common_all.o)
 .text.timer_set_enabled_off_state_in_run_mode
                0x0000000000000000       0x1c /home/miro/toolchain/libopencm3/lib/libopencm3_stm32f1.a(timer_common_all.o)
 .text.timer_set_disabled_off_state_in_run_mode
                0x0000000000000000       0x1c /home/miro/toolchain/libopencm3/lib/libopencm3_stm32f1.a(timer_common_all.o)
 .text.timer_set_enabled_off_state_in_idle_mode
                0x0000000000000000       0x1c /home/miro/toolchain/libopencm3/lib/libopencm3_stm32f1.a(timer_common_all.o)
 .text.timer_set_disabled_off_state_in_idle_mode
                0x0000000000000000       0x1c /home/miro/toolchain/libopencm3/lib/libopencm3_stm32f1.a(timer_common_all.o)
 .text.timer_set_break_lock
                0x0000000000000000       0x1c /home/miro/toolchain/libopencm3/lib/libopencm3_stm32f1.a(timer_common_all.o)
 .text.timer_set_deadtime
                0x0000000000000000       0x1c /home/miro/toolchain/libopencm3/lib/libopencm3_stm32f1.a(timer_common_all.o)
 .text.timer_generate_event
                0x0000000000000000        0x8 /home/miro/toolchain/libopencm3/lib/libopencm3_stm32f1.a(timer_common_all.o)
 .text.timer_get_counter
                0x0000000000000000        0x4 /home/miro/toolchain/libopencm3/lib/libopencm3_stm32f1.a(timer_common_all.o)
 .text.timer_set_counter
                0x0000000000000000        0x4 /home/miro/toolchain/libopencm3/lib/libopencm3_stm32f1.a(timer_common_all.o)
 .text.timer_ic_set_filter
                0x0000000000000000       0x50 /home/miro/toolchain/libopencm3/lib/libopencm3_stm32f1.a(timer_common_all.o)
 .text.timer_ic_set_prescaler
                0x0000000000000000       0x50 /home/miro/toolchain/libopencm3/lib/libopencm3_stm32f1.a(timer_common_all.o)
 .text.timer_ic_set_input
                0x0000000000000000       0x62 /home/miro/toolchain/libopencm3/lib/libopencm3_stm32f1.a(timer_common_all.o)
 .text.timer_ic_enable
                0x0000000000000000       0x10 /home/miro/toolchain/libopencm3/lib/libopencm3_stm32f1.a(timer_common_all.o)
 .text.timer_ic_disable
                0x0000000000000000       0x12 /home/miro/toolchain/libopencm3/lib/libopencm3_stm32f1.a(timer_common_all.o)
 .text.timer_slave_set_filter
                0x0000000000000000       0x12 /home/miro/toolchain/libopencm3/lib/libopencm3_stm32f1.a(timer_common_all.o)
 .text.timer_slave_set_prescaler
                0x0000000000000000       0x12 /home/miro/toolchain/libopencm3/lib/libopencm3_stm32f1.a(timer_common_all.o)
 .text.timer_slave_set_polarity
                0x0000000000000000       0x12 /home/miro/toolchain/libopencm3/lib/libopencm3_stm32f1.a(timer_common_all.o)
 .text.timer_slave_set_mode
                0x0000000000000000       0x10 /home/miro/toolchain/libopencm3/lib/libopencm3_stm32f1.a(timer_common_all.o)
 .text.timer_slave_set_trigger
                0x0000000000000000       0x10 /home/miro/toolchain/libopencm3/lib/libopencm3_stm32f1.a(timer_common_all.o)
 .debug_macro   0x0000000000000000      0x844 /home/miro/toolchain/libopencm3/lib/libopencm3_stm32f1.a(timer_common_all.o)
 .debug_macro   0x0000000000000000       0x16 /home/miro/toolchain/libopencm3/lib/libopencm3_stm32f1.a(timer_common_all.o)
 .debug_macro   0x0000000000000000       0x44 /home/miro/toolchain/libopencm3/lib/libopencm3_stm32f1.a(timer_common_all.o)
 .debug_macro   0x0000000000000000      0x209 /home/miro/toolchain/libopencm3/lib/libopencm3_stm32f1.a(timer_common_all.o)
 .debug_macro   0x0000000000000000       0x22 /home/miro/toolchain/libopencm3/lib/libopencm3_stm32f1.a(timer_common_all.o)
 .debug_macro   0x0000000000000000       0xfa /home/miro/toolchain/libopencm3/lib/libopencm3_stm32f1.a(timer_common_all.o)
 .debug_macro   0x0000000000000000       0x58 /home/miro/toolchain/libopencm3/lib/libopencm3_stm32f1.a(timer_common_all.o)
 .debug_macro   0x0000000000000000      0x1b4 /home/miro/toolchain/libopencm3/lib/libopencm3_stm32f1.a(timer_common_all.o)
 .debug_macro   0x0000000000000000      0x825 /home/miro/toolchain/libopencm3/lib/libopencm3_stm32f1.a(timer_common_all.o)
 .group         0x0000000000000000        0x8 /home/miro/toolchain/libopencm3/lib/libopencm3_stm32f1.a(rcc_common_all.o)
 .group         0x0000000000000000        0x8 /home/miro/toolchain/libopencm3/lib/libopencm3_stm32f1.a(rcc_common_all.o)
 .group         0x0000000000000000        0x8 /home/miro/toolchain/libopencm3/lib/libopencm3_stm32f1.a(rcc_common_all.o)
 .group         0x0000000000000000        0x8 /home/miro/toolchain/libopencm3/lib/libopencm3_stm32f1.a(rcc_common_all.o)
 .group         0x0000000000000000        0x8 /home/miro/toolchain/libopencm3/lib/libopencm3_stm32f1.a(rcc_common_all.o)
 .group         0x0000000000000000        0x8 /home/miro/toolchain/libopencm3/lib/libopencm3_stm32f1.a(rcc_common_all.o)
 .group         0x0000000000000000        0x8 /home/miro/toolchain/libopencm3/lib/libopencm3_stm32f1.a(rcc_common_all.o)
 .group         0x0000000000000000        0x8 /home/miro/toolchain/libopencm3/lib/libopencm3_stm32f1.a(rcc_common_all.o)
 .group         0x0000000000000000        0x8 /home/miro/toolchain/libopencm3/lib/libopencm3_stm32f1.a(rcc_common_all.o)
 .text          0x0000000000000000        0x0 /home/miro/toolchain/libopencm3/lib/libopencm3_stm32f1.a(rcc_common_all.o)
 .data          0x0000000000000000        0x0 /home/miro/toolchain/libopencm3/lib/libopencm3_stm32f1.a(rcc_common_all.o)
 .bss           0x0000000000000000        0x0 /home/miro/toolchain/libopencm3/lib/libopencm3_stm32f1.a(rcc_common_all.o)
 .text.rcc_peripheral_enable_clock
                0x0000000000000000        0x8 /home/miro/toolchain/libopencm3/lib/libopencm3_stm32f1.a(rcc_common_all.o)
 .text.rcc_peripheral_disable_clock
                0x0000000000000000        0xa /home/miro/toolchain/libopencm3/lib/libopencm3_stm32f1.a(rcc_common_all.o)
 .text.rcc_peripheral_reset
                0x0000000000000000        0x8 /home/miro/toolchain/libopencm3/lib/libopencm3_stm32f1.a(rcc_common_all.o)
 .text.rcc_peripheral_clear_reset
                0x0000000000000000        0xa /home/miro/toolchain/libopencm3/lib/libopencm3_stm32f1.a(rcc_common_all.o)
 .text.rcc_periph_clock_disable
                0x0000000000000000       0x1e /home/miro/toolchain/libopencm3/lib/libopencm3_stm32f1.a(rcc_common_all.o)
 .text.rcc_periph_reset_pulse
                0x0000000000000000       0x24 /home/miro/toolchain/libopencm3/lib/libopencm3_stm32f1.a(rcc_common_all.o)
 .text.rcc_periph_reset_hold
                0x0000000000000000       0x1c /home/miro/toolchain/libopencm3/lib/libopencm3_stm32f1.a(rcc_common_all.o)
 .text.rcc_periph_reset_release
                0x0000000000000000       0x1e /home/miro/toolchain/libopencm3/lib/libopencm3_stm32f1.a(rcc_common_all.o)
 .text.rcc_set_mco
                0x0000000000000000       0x14 /home/miro/toolchain/libopencm3/lib/libopencm3_stm32f1.a(rcc_common_all.o)
 .debug_macro   0x0000000000000000      0x844 /home/miro/toolchain/libopencm3/lib/libopencm3_stm32f1.a(rcc_common_all.o)
 .debug_macro   0x0000000000000000       0x16 /home/miro/toolchain/libopencm3/lib/libopencm3_stm32f1.a(rcc_common_all.o)
 .debug_macro   0x0000000000000000       0x44 /home/miro/toolchain/libopencm3/lib/libopencm3_stm32f1.a(rcc_common_all.o)
 .debug_macro   0x0000000000000000      0x209 /home/miro/toolchain/libopencm3/lib/libopencm3_stm32f1.a(rcc_common_all.o)
 .debug_macro   0x0000000000000000       0x22 /home/miro/toolchain/libopencm3/lib/libopencm3_stm32f1.a(rcc_common_all.o)
 .debug_macro   0x0000000000000000       0xfa /home/miro/toolchain/libopencm3/lib/libopencm3_stm32f1.a(rcc_common_all.o)
 .debug_macro   0x0000000000000000       0x58 /home/miro/toolchain/libopencm3/lib/libopencm3_stm32f1.a(rcc_common_all.o)
 .debug_macro   0x0000000000000000      0x1b4 /home/miro/toolchain/libopencm3/lib/libopencm3_stm32f1.a(rcc_common_all.o)
 .debug_macro   0x0000000000000000      0x825 /home/miro/toolchain/libopencm3/lib/libopencm3_stm32f1.a(rcc_common_all.o)
 .group         0x0000000000000000        0x8 /home/miro/toolchain/libopencm3/lib/libopencm3_stm32f1.a(flash_common_f01.o)
 .group         0x0000000000000000        0x8 /home/miro/toolchain/libopencm3/lib/libopencm3_stm32f1.a(flash_common_f01.o)
 .group         0x0000000000000000        0x8 /home/miro/toolchain/libopencm3/lib/libopencm3_stm32f1.a(flash_common_f01.o)
 .group         0x0000000000000000        0x8 /home/miro/toolchain/libopencm3/lib/libopencm3_stm32f1.a(flash_common_f01.o)
 .group         0x0000000000000000        0x8 /home/miro/toolchain/libopencm3/lib/libopencm3_stm32f1.a(flash_common_f01.o)
 .group         0x0000000000000000        0x8 /home/miro/toolchain/libopencm3/lib/libopencm3_stm32f1.a(flash_common_f01.o)
 .group         0x0000000000000000        0x8 /home/miro/toolchain/libopencm3/lib/libopencm3_stm32f1.a(flash_common_f01.o)
 .group         0x0000000000000000        0x8 /home/miro/toolchain/libopencm3/lib/libopencm3_stm32f1.a(flash_common_f01.o)
 .group         0x0000000000000000        0x8 /home/miro/toolchain/libopencm3/lib/libopencm3_stm32f1.a(flash_common_f01.o)
 .group         0x0000000000000000        0x8 /home/miro/toolchain/libopencm3/lib/libopencm3_stm32f1.a(flash_common_f01.o)
 .text          0x0000000000000000        0x0 /home/miro/toolchain/libopencm3/lib/libopencm3_stm32f1.a(flash_common_f01.o)
 .data          0x0000000000000000        0x0 /home/miro/toolchain/libopencm3/lib/libopencm3_stm32f1.a(flash_common_f01.o)
 .bss           0x0000000000000000        0x0 /home/miro/toolchain/libopencm3/lib/libopencm3_stm32f1.a(flash_common_f01.o)
 .text.flash_prefetch_buffer_enable
                0x0000000000000000       0x10 /home/miro/toolchain/libopencm3/lib/libopencm3_stm32f1.a(flash_common_f01.o)
 .text.flash_prefetch_buffer_disable
                0x0000000000000000       0x10 /home/miro/toolchain/libopencm3/lib/libopencm3_stm32f1.a(flash_common_f01.o)
 .text.flash_unlock
                0x0000000000000000       0x24 /home/miro/toolchain/libopencm3/lib/libopencm3_stm32f1.a(flash_common_f01.o)
 .text.flash_lock
                0x0000000000000000       0x10 /home/miro/toolchain/libopencm3/lib/libopencm3_stm32f1.a(flash_common_f01.o)
 .text.flash_clear_pgerr_flag
                0x0000000000000000       0x10 /home/miro/toolchain/libopencm3/lib/libopencm3_stm32f1.a(flash_common_f01.o)
 .text.flash_clear_eop_flag
                0x0000000000000000       0x10 /home/miro/toolchain/libopencm3/lib/libopencm3_stm32f1.a(flash_common_f01.o)
 .text.flash_clear_wrprterr_flag
                0x0000000000000000       0x10 /home/miro/toolchain/libopencm3/lib/libopencm3_stm32f1.a(flash_common_f01.o)
 .text.flash_clear_bsy_flag
                0x0000000000000000       0x10 /home/miro/toolchain/libopencm3/lib/libopencm3_stm32f1.a(flash_common_f01.o)
 .text.flash_wait_for_last_operation
                0x0000000000000000        0xc /home/miro/toolchain/libopencm3/lib/libopencm3_stm32f1.a(flash_common_f01.o)
 .text.flash_program_word
                0x0000000000000000       0x18 /home/miro/toolchain/libopencm3/lib/libopencm3_stm32f1.a(flash_common_f01.o)
 .text.flash_unlock_option_bytes
                0x0000000000000000       0x18 /home/miro/toolchain/libopencm3/lib/libopencm3_stm32f1.a(flash_common_f01.o)
 .text.flash_erase_option_bytes
                0x0000000000000000       0x34 /home/miro/toolchain/libopencm3/lib/libopencm3_stm32f1.a(flash_common_f01.o)
 .text.flash_program_option_bytes
                0x0000000000000000       0x34 /home/miro/toolchain/libopencm3/lib/libopencm3_stm32f1.a(flash_common_f01.o)
 .debug_macro   0x0000000000000000      0x844 /home/miro/toolchain/libopencm3/lib/libopencm3_stm32f1.a(flash_common_f01.o)
 .debug_macro   0x0000000000000000       0x16 /home/miro/toolchain/libopencm3/lib/libopencm3_stm32f1.a(flash_common_f01.o)
 .debug_macro   0x0000000000000000       0x44 /home/miro/toolchain/libopencm3/lib/libopencm3_stm32f1.a(flash_common_f01.o)
 .debug_macro   0x0000000000000000      0x209 /home/miro/toolchain/libopencm3/lib/libopencm3_stm32f1.a(flash_common_f01.o)
 .debug_macro   0x0000000000000000       0x22 /home/miro/toolchain/libopencm3/lib/libopencm3_stm32f1.a(flash_common_f01.o)
 .debug_macro   0x0000000000000000       0xfa /home/miro/toolchain/libopencm3/lib/libopencm3_stm32f1.a(flash_common_f01.o)
 .debug_macro   0x0000000000000000       0x58 /home/miro/toolchain/libopencm3/lib/libopencm3_stm32f1.a(flash_common_f01.o)
 .debug_macro   0x0000000000000000      0x1b4 /home/miro/toolchain/libopencm3/lib/libopencm3_stm32f1.a(flash_common_f01.o)
 .debug_macro   0x0000000000000000       0xdc /home/miro/toolchain/libopencm3/lib/libopencm3_stm32f1.a(flash_common_f01.o)
 .debug_macro   0x0000000000000000       0x82 /home/miro/toolchain/libopencm3/lib/libopencm3_stm32f1.a(flash_common_f01.o)
 .group         0x0000000000000000        0x8 /home/miro/toolchain/libopencm3/lib/libopencm3_stm32f1.a(vector.o)
 .group         0x0000000000000000        0x8 /home/miro/toolchain/libopencm3/lib/libopencm3_stm32f1.a(vector.o)
 .group         0x0000000000000000        0x8 /home/miro/toolchain/libopencm3/lib/libopencm3_stm32f1.a(vector.o)
 .group         0x0000000000000000        0x8 /home/miro/toolchain/libopencm3/lib/libopencm3_stm32f1.a(vector.o)
 .group         0x0000000000000000        0x8 /home/miro/toolchain/libopencm3/lib/libopencm3_stm32f1.a(vector.o)
 .group         0x0000000000000000        0x8 /home/miro/toolchain/libopencm3/lib/libopencm3_stm32f1.a(vector.o)
 .group         0x0000000000000000        0x8 /home/miro/toolchain/libopencm3/lib/libopencm3_stm32f1.a(vector.o)
 .group         0x0000000000000000        0x8 /home/miro/toolchain/libopencm3/lib/libopencm3_stm32f1.a(vector.o)
 .group         0x0000000000000000        0x8 /home/miro/toolchain/libopencm3/lib/libopencm3_stm32f1.a(vector.o)
 .group         0x0000000000000000        0x8 /home/miro/toolchain/libopencm3/lib/libopencm3_stm32f1.a(vector.o)
 .text          0x0000000000000000        0x0 /home/miro/toolchain/libopencm3/lib/libopencm3_stm32f1.a(vector.o)
 .data          0x0000000000000000        0x0 /home/miro/toolchain/libopencm3/lib/libopencm3_stm32f1.a(vector.o)
 .bss           0x0000000000000000        0x0 /home/miro/toolchain/libopencm3/lib/libopencm3_stm32f1.a(vector.o)
 .debug_macro   0x0000000000000000      0x844 /home/miro/toolchain/libopencm3/lib/libopencm3_stm32f1.a(vector.o)
 .debug_macro   0x0000000000000000       0x58 /home/miro/toolchain/libopencm3/lib/libopencm3_stm32f1.a(vector.o)
 .debug_macro   0x0000000000000000       0x16 /home/miro/toolchain/libopencm3/lib/libopencm3_stm32f1.a(vector.o)
 .debug_macro   0x0000000000000000       0x44 /home/miro/toolchain/libopencm3/lib/libopencm3_stm32f1.a(vector.o)
 .debug_macro   0x0000000000000000      0x209 /home/miro/toolchain/libopencm3/lib/libopencm3_stm32f1.a(vector.o)
 .debug_macro   0x0000000000000000       0x22 /home/miro/toolchain/libopencm3/lib/libopencm3_stm32f1.a(vector.o)
 .debug_macro   0x0000000000000000       0xfa /home/miro/toolchain/libopencm3/lib/libopencm3_stm32f1.a(vector.o)
 .group         0x0000000000000000        0x8 /home/miro/toolchain/libopencm3/lib/libopencm3_stm32f1.a(assert.o)
 .group         0x0000000000000000        0x8 /home/miro/toolchain/libopencm3/lib/libopencm3_stm32f1.a(assert.o)
 .group         0x0000000000000000        0x8 /home/miro/toolchain/libopencm3/lib/libopencm3_stm32f1.a(assert.o)
 .group         0x0000000000000000        0x8 /home/miro/toolchain/libopencm3/lib/libopencm3_stm32f1.a(assert.o)
 .group         0x0000000000000000        0x8 /home/miro/toolchain/libopencm3/lib/libopencm3_stm32f1.a(assert.o)
 .group         0x0000000000000000        0x8 /home/miro/toolchain/libopencm3/lib/libopencm3_stm32f1.a(assert.o)
 .group         0x0000000000000000        0x8 /home/miro/toolchain/libopencm3/lib/libopencm3_stm32f1.a(assert.o)
 .text          0x0000000000000000        0x0 /home/miro/toolchain/libopencm3/lib/libopencm3_stm32f1.a(assert.o)
 .data          0x0000000000000000        0x0 /home/miro/toolchain/libopencm3/lib/libopencm3_stm32f1.a(assert.o)
 .bss           0x0000000000000000        0x0 /home/miro/toolchain/libopencm3/lib/libopencm3_stm32f1.a(assert.o)
 .text.cm3_assert_failed
                0x0000000000000000        0x2 /home/miro/toolchain/libopencm3/lib/libopencm3_stm32f1.a(assert.o)
 .text.cm3_assert_failed_verbose
                0x0000000000000000        0x6 /home/miro/toolchain/libopencm3/lib/libopencm3_stm32f1.a(assert.o)
 .debug_info    0x0000000000000000       0xee /home/miro/toolchain/libopencm3/lib/libopencm3_stm32f1.a(assert.o)
 .debug_abbrev  0x0000000000000000       0x89 /home/miro/toolchain/libopencm3/lib/libopencm3_stm32f1.a(assert.o)
 .debug_loc     0x0000000000000000       0x84 /home/miro/toolchain/libopencm3/lib/libopencm3_stm32f1.a(assert.o)
 .debug_aranges
                0x0000000000000000       0x28 /home/miro/toolchain/libopencm3/lib/libopencm3_stm32f1.a(assert.o)
 .debug_ranges  0x0000000000000000       0x18 /home/miro/toolchain/libopencm3/lib/libopencm3_stm32f1.a(assert.o)
 .debug_macro   0x0000000000000000       0x69 /home/miro/toolchain/libopencm3/lib/libopencm3_stm32f1.a(assert.o)
 .debug_macro   0x0000000000000000      0x844 /home/miro/toolchain/libopencm3/lib/libopencm3_stm32f1.a(assert.o)
 .debug_macro   0x0000000000000000       0x16 /home/miro/toolchain/libopencm3/lib/libopencm3_stm32f1.a(assert.o)
 .debug_macro   0x0000000000000000       0x44 /home/miro/toolchain/libopencm3/lib/libopencm3_stm32f1.a(assert.o)
 .debug_macro   0x0000000000000000      0x209 /home/miro/toolchain/libopencm3/lib/libopencm3_stm32f1.a(assert.o)
 .debug_macro   0x0000000000000000       0x22 /home/miro/toolchain/libopencm3/lib/libopencm3_stm32f1.a(assert.o)
 .debug_macro   0x0000000000000000       0xfa /home/miro/toolchain/libopencm3/lib/libopencm3_stm32f1.a(assert.o)
 .debug_macro   0x0000000000000000       0x16 /home/miro/toolchain/libopencm3/lib/libopencm3_stm32f1.a(assert.o)
 .debug_line    0x0000000000000000      0x1ac /home/miro/toolchain/libopencm3/lib/libopencm3_stm32f1.a(assert.o)
 .debug_str     0x0000000000000000     0x3361 /home/miro/toolchain/libopencm3/lib/libopencm3_stm32f1.a(assert.o)
 .comment       0x0000000000000000       0x71 /home/miro/toolchain/libopencm3/lib/libopencm3_stm32f1.a(assert.o)
 .ARM.attributes
                0x0000000000000000       0x33 /home/miro/toolchain/libopencm3/lib/libopencm3_stm32f1.a(assert.o)
 .debug_frame   0x0000000000000000       0x38 /home/miro/toolchain/libopencm3/lib/libopencm3_stm32f1.a(assert.o)
 .group         0x0000000000000000        0x8 /home/miro/toolchain/libopencm3/lib/libopencm3_stm32f1.a(flash.o)
 .group         0x0000000000000000        0x8 /home/miro/toolchain/libopencm3/lib/libopencm3_stm32f1.a(flash.o)
 .group         0x0000000000000000        0x8 /home/miro/toolchain/libopencm3/lib/libopencm3_stm32f1.a(flash.o)
 .group         0x0000000000000000        0x8 /home/miro/toolchain/libopencm3/lib/libopencm3_stm32f1.a(flash.o)
 .group         0x0000000000000000        0x8 /home/miro/toolchain/libopencm3/lib/libopencm3_stm32f1.a(flash.o)
 .group         0x0000000000000000        0x8 /home/miro/toolchain/libopencm3/lib/libopencm3_stm32f1.a(flash.o)
 .group         0x0000000000000000        0x8 /home/miro/toolchain/libopencm3/lib/libopencm3_stm32f1.a(flash.o)
 .group         0x0000000000000000        0x8 /home/miro/toolchain/libopencm3/lib/libopencm3_stm32f1.a(flash.o)
 .group         0x0000000000000000        0x8 /home/miro/toolchain/libopencm3/lib/libopencm3_stm32f1.a(flash.o)
 .group         0x0000000000000000        0x8 /home/miro/toolchain/libopencm3/lib/libopencm3_stm32f1.a(flash.o)
 .text          0x0000000000000000        0x0 /home/miro/toolchain/libopencm3/lib/libopencm3_stm32f1.a(flash.o)
 .data          0x0000000000000000        0x0 /home/miro/toolchain/libopencm3/lib/libopencm3_stm32f1.a(flash.o)
 .bss           0x0000000000000000        0x0 /home/miro/toolchain/libopencm3/lib/libopencm3_stm32f1.a(flash.o)
 .text.flash_halfcycle_enable
                0x0000000000000000       0x10 /home/miro/toolchain/libopencm3/lib/libopencm3_stm32f1.a(flash.o)
 .text.flash_halfcycle_disable
                0x0000000000000000       0x10 /home/miro/toolchain/libopencm3/lib/libopencm3_stm32f1.a(flash.o)
 .text.flash_unlock_upper
                0x0000000000000000       0x34 /home/miro/toolchain/libopencm3/lib/libopencm3_stm32f1.a(flash.o)
 .text.flash_lock_upper
                0x0000000000000000       0x10 /home/miro/toolchain/libopencm3/lib/libopencm3_stm32f1.a(flash.o)
 .text.flash_clear_pgerr_flag_upper
                0x0000000000000000       0x20 /home/miro/toolchain/libopencm3/lib/libopencm3_stm32f1.a(flash.o)
 .text.flash_clear_eop_flag_upper
                0x0000000000000000       0x20 /home/miro/toolchain/libopencm3/lib/libopencm3_stm32f1.a(flash.o)
 .text.flash_clear_wrprterr_flag_upper
                0x0000000000000000       0x20 /home/miro/toolchain/libopencm3/lib/libopencm3_stm32f1.a(flash.o)
 .text.flash_clear_bsy_flag_upper
                0x0000000000000000       0x20 /home/miro/toolchain/libopencm3/lib/libopencm3_stm32f1.a(flash.o)
 .text.flash_clear_status_flags
                0x0000000000000000       0x38 /home/miro/toolchain/libopencm3/lib/libopencm3_stm32f1.a(flash.o)
 .text.flash_get_status_flags
                0x0000000000000000       0x28 /home/miro/toolchain/libopencm3/lib/libopencm3_stm32f1.a(flash.o)
 .text.flash_program_half_word
                0x0000000000000000       0x64 /home/miro/toolchain/libopencm3/lib/libopencm3_stm32f1.a(flash.o)
 .text.flash_erase_page
                0x0000000000000000       0x7c /home/miro/toolchain/libopencm3/lib/libopencm3_stm32f1.a(flash.o)
 .text.flash_erase_all_pages
                0x0000000000000000       0x48 /home/miro/toolchain/libopencm3/lib/libopencm3_stm32f1.a(flash.o)
 .debug_info    0x0000000000000000      0x27f /home/miro/toolchain/libopencm3/lib/libopencm3_stm32f1.a(flash.o)
 .debug_abbrev  0x0000000000000000       0xf9 /home/miro/toolchain/libopencm3/lib/libopencm3_stm32f1.a(flash.o)
 .debug_loc     0x0000000000000000       0x9c /home/miro/toolchain/libopencm3/lib/libopencm3_stm32f1.a(flash.o)
 .debug_aranges
                0x0000000000000000       0x80 /home/miro/toolchain/libopencm3/lib/libopencm3_stm32f1.a(flash.o)
 .debug_ranges  0x0000000000000000       0x70 /home/miro/toolchain/libopencm3/lib/libopencm3_stm32f1.a(flash.o)
 .debug_macro   0x0000000000000000       0xa8 /home/miro/toolchain/libopencm3/lib/libopencm3_stm32f1.a(flash.o)
 .debug_macro   0x0000000000000000      0x844 /home/miro/toolchain/libopencm3/lib/libopencm3_stm32f1.a(flash.o)
 .debug_macro   0x0000000000000000       0x16 /home/miro/toolchain/libopencm3/lib/libopencm3_stm32f1.a(flash.o)
 .debug_macro   0x0000000000000000       0x44 /home/miro/toolchain/libopencm3/lib/libopencm3_stm32f1.a(flash.o)
 .debug_macro   0x0000000000000000      0x209 /home/miro/toolchain/libopencm3/lib/libopencm3_stm32f1.a(flash.o)
 .debug_macro   0x0000000000000000       0x22 /home/miro/toolchain/libopencm3/lib/libopencm3_stm32f1.a(flash.o)
 .debug_macro   0x0000000000000000       0xfa /home/miro/toolchain/libopencm3/lib/libopencm3_stm32f1.a(flash.o)
 .debug_macro   0x0000000000000000       0x58 /home/miro/toolchain/libopencm3/lib/libopencm3_stm32f1.a(flash.o)
 .debug_macro   0x0000000000000000      0x1b4 /home/miro/toolchain/libopencm3/lib/libopencm3_stm32f1.a(flash.o)
 .debug_macro   0x0000000000000000       0xdc /home/miro/toolchain/libopencm3/lib/libopencm3_stm32f1.a(flash.o)
 .debug_macro   0x0000000000000000       0x82 /home/miro/toolchain/libopencm3/lib/libopencm3_stm32f1.a(flash.o)
 .debug_line    0x0000000000000000      0x367 /home/miro/toolchain/libopencm3/lib/libopencm3_stm32f1.a(flash.o)
 .debug_str     0x0000000000000000     0x48c2 /home/miro/toolchain/libopencm3/lib/libopencm3_stm32f1.a(flash.o)
 .comment       0x0000000000000000       0x71 /home/miro/toolchain/libopencm3/lib/libopencm3_stm32f1.a(flash.o)
 .ARM.attributes
                0x0000000000000000       0x33 /home/miro/toolchain/libopencm3/lib/libopencm3_stm32f1.a(flash.o)
 .debug_frame   0x0000000000000000      0x104 /home/miro/toolchain/libopencm3/lib/libopencm3_stm32f1.a(flash.o)

Memory Configuration

Name             Origin             Length             Attributes
rom              0x0000000008000000 0x0000000000010000 xr
ram              0x0000000020000000 0x0000000000005000 xrw
*default*        0x0000000000000000 0xffffffffffffffff

Linker script and memory map

LOAD blink.o
LOAD /home/miro/toolchain/libopencm3/lib/libopencm3_stm32f1.a
START GROUP
LOAD /home/miro/toolchain/agct/bin/../lib/gcc/arm-none-eabi/4.8.4/../../../../arm-none-eabi/lib/armv7-m/libc.a
LOAD /home/miro/toolchain/agct/bin/../lib/gcc/arm-none-eabi/4.8.4/armv7-m/libgcc.a
LOAD /home/miro/toolchain/agct/bin/../lib/gcc/arm-none-eabi/4.8.4/../../../../arm-none-eabi/lib/armv7-m/libnosys.a
END GROUP
START GROUP
LOAD /home/miro/toolchain/agct/bin/../lib/gcc/arm-none-eabi/4.8.4/armv7-m/libgcc.a
LOAD /home/miro/toolchain/agct/bin/../lib/gcc/arm-none-eabi/4.8.4/../../../../arm-none-eabi/lib/armv7-m/libc.a
END GROUP

.text           0x0000000008000000      0x790
 *(.vectors)
 .vectors       0x0000000008000000      0x150 /home/miro/toolchain/libopencm3/lib/libopencm3_stm32f1.a(vector.o)
                0x0000000008000000                vector_table
 *(.text*)
 .text.delay    0x0000000008000150        0xc blink.o
                0x0000000008000150                delay
 .text.startup.main
                0x000000000800015c       0xac blink.o
                0x000000000800015c                main
 .text.gpio_set_mode
                0x0000000008000208       0x70 /home/miro/toolchain/libopencm3/lib/libopencm3_stm32f1.a(gpio.o)
                0x0000000008000208                gpio_set_mode
 .text.gpio_primary_remap
                0x0000000008000278       0x14 /home/miro/toolchain/libopencm3/lib/libopencm3_stm32f1.a(gpio.o)
                0x0000000008000278                gpio_primary_remap
 .text.rcc_osc_on.part.0
                0x000000000800028c       0x10 /home/miro/toolchain/libopencm3/lib/libopencm3_stm32f1.a(rcc.o)
 .text.rcc_is_osc_ready
                0x000000000800029c       0x5c /home/miro/toolchain/libopencm3/lib/libopencm3_stm32f1.a(rcc.o)
                0x000000000800029c                rcc_is_osc_ready
 .text.rcc_wait_for_osc_ready
                0x00000000080002f8       0x10 /home/miro/toolchain/libopencm3/lib/libopencm3_stm32f1.a(rcc.o)
                0x00000000080002f8                rcc_wait_for_osc_ready
 .text.rcc_osc_on
                0x0000000008000308       0x54 /home/miro/toolchain/libopencm3/lib/libopencm3_stm32f1.a(rcc.o)
                0x0000000008000308                rcc_osc_on
 .text.rcc_set_sysclk_source
                0x000000000800035c       0x14 /home/miro/toolchain/libopencm3/lib/libopencm3_stm32f1.a(rcc.o)
                0x000000000800035c                rcc_set_sysclk_source
 .text.rcc_set_pll_multiplication_factor
                0x0000000008000370       0x14 /home/miro/toolchain/libopencm3/lib/libopencm3_stm32f1.a(rcc.o)
                0x0000000008000370                rcc_set_pll_multiplication_factor
 .text.rcc_set_pll_source
                0x0000000008000384       0x14 /home/miro/toolchain/libopencm3/lib/libopencm3_stm32f1.a(rcc.o)
                0x0000000008000384                rcc_set_pll_source
 .text.rcc_set_pllxtpre
                0x0000000008000398       0x14 /home/miro/toolchain/libopencm3/lib/libopencm3_stm32f1.a(rcc.o)
                0x0000000008000398                rcc_set_pllxtpre
 .text.rcc_set_adcpre
                0x00000000080003ac       0x14 /home/miro/toolchain/libopencm3/lib/libopencm3_stm32f1.a(rcc.o)
                0x00000000080003ac                rcc_set_adcpre
 .text.rcc_set_ppre2
                0x00000000080003c0       0x14 /home/miro/toolchain/libopencm3/lib/libopencm3_stm32f1.a(rcc.o)
                0x00000000080003c0                rcc_set_ppre2
 .text.rcc_set_ppre1
                0x00000000080003d4       0x14 /home/miro/toolchain/libopencm3/lib/libopencm3_stm32f1.a(rcc.o)
                0x00000000080003d4                rcc_set_ppre1
 .text.rcc_set_hpre
                0x00000000080003e8       0x14 /home/miro/toolchain/libopencm3/lib/libopencm3_stm32f1.a(rcc.o)
                0x00000000080003e8                rcc_set_hpre
 .text.rcc_clock_setup_in_hse_8mhz_out_72mhz
                0x00000000080003fc       0x8c /home/miro/toolchain/libopencm3/lib/libopencm3_stm32f1.a(rcc.o)
                0x00000000080003fc                rcc_clock_setup_in_hse_8mhz_out_72mhz
 .text.timer_set_mode
                0x0000000008000488       0x12 /home/miro/toolchain/libopencm3/lib/libopencm3_stm32f1.a(timer_common_all.o)
                0x0000000008000488                timer_set_mode
 .text.timer_enable_counter
                0x000000000800049a        0xa /home/miro/toolchain/libopencm3/lib/libopencm3_stm32f1.a(timer_common_all.o)
                0x000000000800049a                timer_enable_counter
 .text.timer_set_prescaler
                0x00000000080004a4        0x4 /home/miro/toolchain/libopencm3/lib/libopencm3_stm32f1.a(timer_common_all.o)
                0x00000000080004a4                timer_set_prescaler
 .text.timer_set_period
                0x00000000080004a8        0x4 /home/miro/toolchain/libopencm3/lib/libopencm3_stm32f1.a(timer_common_all.o)
                0x00000000080004a8                timer_set_period
 .text.timer_set_oc_mode
                0x00000000080004ac      0x198 /home/miro/toolchain/libopencm3/lib/libopencm3_stm32f1.a(timer_common_all.o)
                0x00000000080004ac                timer_set_oc_mode
 .text.timer_enable_oc_output
                0x0000000008000644       0x68 /home/miro/toolchain/libopencm3/lib/libopencm3_stm32f1.a(timer_common_all.o)
                0x0000000008000644                timer_enable_oc_output
 .text.timer_set_oc_value
                0x00000000080006ac       0x20 /home/miro/toolchain/libopencm3/lib/libopencm3_stm32f1.a(timer_common_all.o)
                0x00000000080006ac                timer_set_oc_value
 .text.rcc_periph_clock_enable
                0x00000000080006cc       0x1c /home/miro/toolchain/libopencm3/lib/libopencm3_stm32f1.a(rcc_common_all.o)
                0x00000000080006cc                rcc_periph_clock_enable
 .text.flash_set_ws
                0x00000000080006e8       0x14 /home/miro/toolchain/libopencm3/lib/libopencm3_stm32f1.a(flash_common_f01.o)
                0x00000000080006e8                flash_set_ws
 .text.blocking_handler
                0x00000000080006fc        0x2 /home/miro/toolchain/libopencm3/lib/libopencm3_stm32f1.a(vector.o)
                0x00000000080006fc                usart3_isr
                0x00000000080006fc                rtc_isr
                0x00000000080006fc                tim7_isr
                0x00000000080006fc                adc1_2_isr
                0x00000000080006fc                tim1_trg_com_isr
                0x00000000080006fc                usb_hp_can_tx_isr
                0x00000000080006fc                tim6_isr
                0x00000000080006fc                usb_wakeup_isr
                0x00000000080006fc                blocking_handler
                0x00000000080006fc                tim5_isr
                0x00000000080006fc                otg_fs_isr
                0x00000000080006fc                spi1_isr
                0x00000000080006fc                dma1_channel6_isr
                0x00000000080006fc                exti2_isr
                0x00000000080006fc                can_rx1_isr
                0x00000000080006fc                dma1_channel5_isr
                0x00000000080006fc                dma2_channel5_isr
                0x00000000080006fc                usart1_isr
                0x00000000080006fc                usage_fault_handler
                0x00000000080006fc                tim8_trg_com_isr
                0x00000000080006fc                can2_rx0_isr
                0x00000000080006fc                tim1_brk_isr
                0x00000000080006fc                can2_rx1_isr
                0x00000000080006fc                tim1_cc_isr
                0x00000000080006fc                sdio_isr
                0x00000000080006fc                eth_isr
                0x00000000080006fc                dma1_channel4_isr
                0x00000000080006fc                tim8_brk_isr
                0x00000000080006fc                dma2_channel4_5_isr
                0x00000000080006fc                pvd_isr
                0x00000000080006fc                rcc_isr
                0x00000000080006fc                flash_isr
                0x00000000080006fc                uart4_isr
                0x00000000080006fc                rtc_alarm_isr
                0x00000000080006fc                exti15_10_isr
                0x00000000080006fc                hard_fault_handler
                0x00000000080006fc                exti1_isr
                0x00000000080006fc                i2c1_ev_isr
                0x00000000080006fc                dma2_channel1_isr
                0x00000000080006fc                spi2_isr
                0x00000000080006fc                tim8_up_isr
                0x00000000080006fc                dma2_channel2_isr
                0x00000000080006fc                adc3_isr
                0x00000000080006fc                exti3_isr
                0x00000000080006fc                tim3_isr
                0x00000000080006fc                usart2_isr
                0x00000000080006fc                usb_lp_can_rx0_isr
                0x00000000080006fc                i2c2_er_isr
                0x00000000080006fc                i2c2_ev_isr
                0x00000000080006fc                uart5_isr
                0x00000000080006fc                fsmc_isr
                0x00000000080006fc                dma1_channel1_isr
                0x00000000080006fc                exti4_isr
                0x00000000080006fc                mem_manage_handler
                0x00000000080006fc                can2_tx_isr
                0x00000000080006fc                exti9_5_isr
                0x00000000080006fc                dma2_channel3_isr
                0x00000000080006fc                dma1_channel7_isr
                0x00000000080006fc                tim1_up_isr
                0x00000000080006fc                can2_sce_isr
                0x00000000080006fc                tim4_isr
                0x00000000080006fc                dma1_channel2_isr
                0x00000000080006fc                i2c1_er_isr
                0x00000000080006fc                can_sce_isr
                0x00000000080006fc                tim8_cc_isr
                0x00000000080006fc                tamper_isr
                0x00000000080006fc                eth_wkup_isr
                0x00000000080006fc                bus_fault_handler
                0x00000000080006fc                wwdg_isr
                0x00000000080006fc                dma1_channel3_isr
                0x00000000080006fc                spi3_isr
                0x00000000080006fc                tim2_isr
                0x00000000080006fc                exti0_isr
 .text.null_handler
                0x00000000080006fe        0x2 /home/miro/toolchain/libopencm3/lib/libopencm3_stm32f1.a(vector.o)
                0x00000000080006fe                null_handler
                0x00000000080006fe                sv_call_handler
                0x00000000080006fe                pend_sv_handler
                0x00000000080006fe                debug_monitor_handler
                0x00000000080006fe                sys_tick_handler
                0x00000000080006fe                nmi_handler
 .text.reset_handler
                0x0000000008000700       0x90 /home/miro/toolchain/libopencm3/lib/libopencm3_stm32f1.a(vector.o)
                0x0000000008000700                reset_handler
                0x0000000008000790                . = ALIGN (0x4)
 *(.rodata*)
                0x0000000008000790                . = ALIGN (0x4)

.glue_7         0x0000000008000790        0x0
 .glue_7        0x0000000000000000        0x0 linker stubs

.glue_7t        0x0000000008000790        0x0
 .glue_7t       0x0000000000000000        0x0 linker stubs

.vfp11_veneer   0x0000000008000790        0x0
 .vfp11_veneer  0x0000000000000000        0x0 linker stubs

.v4_bx          0x0000000008000790        0x0
 .v4_bx         0x0000000000000000        0x0 linker stubs

.iplt           0x0000000008000790        0x0
 .iplt          0x0000000000000000        0x0 blink.o

.rel.dyn        0x0000000008000790        0x0
 .rel.iplt      0x0000000000000000        0x0 blink.o

.preinit_array  0x0000000008000790        0x0
                0x0000000008000790                . = ALIGN (0x4)
                0x0000000008000790                __preinit_array_start = .
 *(.preinit_array)
                0x0000000008000790                __preinit_array_end = .

.init_array     0x0000000008000790        0x0
                0x0000000008000790                . = ALIGN (0x4)
                0x0000000008000790                __init_array_start = .
 *(SORT(.init_array.*))
 *(.init_array)
                0x0000000008000790                __init_array_end = .

.fini_array     0x0000000008000790        0x0
                0x0000000008000790                . = ALIGN (0x4)
                0x0000000008000790                __fini_array_start = .
 *(.fini_array)
 *(SORT(.fini_array.*))
                0x0000000008000790                __fini_array_end = .

.ARM.extab
 *(.ARM.extab*)

.ARM.exidx      0x0000000008000790        0x0
                0x0000000008000790                __exidx_start = .
 *(.ARM.exidx*)
                0x0000000008000790                __exidx_end = .
                0x0000000008000790                . = ALIGN (0x4)
                0x0000000008000790                _etext = .

.data           0x0000000020000000        0xc load address 0x0000000008000790
                0x0000000020000000                _data = .
 *(.data*)
 .data.rcc_ahb_frequency
                0x0000000020000000        0x4 /home/miro/toolchain/libopencm3/lib/libopencm3_stm32f1.a(rcc.o)
                0x0000000020000000                rcc_ahb_frequency
 .data.rcc_apb1_frequency
                0x0000000020000004        0x4 /home/miro/toolchain/libopencm3/lib/libopencm3_stm32f1.a(rcc.o)
                0x0000000020000004                rcc_apb1_frequency
 .data.rcc_apb2_frequency
                0x0000000020000008        0x4 /home/miro/toolchain/libopencm3/lib/libopencm3_stm32f1.a(rcc.o)
                0x0000000020000008                rcc_apb2_frequency
                0x000000002000000c                . = ALIGN (0x4)
                0x000000002000000c                _edata = .
                0x0000000008000790                _data_loadaddr = LOADADDR (.data)

.igot.plt       0x000000002000000c        0x0 load address 0x000000000800079c
 .igot.plt      0x0000000000000000        0x0 blink.o

.bss            0x000000002000000c        0x0 load address 0x000000000800079c
 *(.bss*)
 *(COMMON)
                0x000000002000000c                . = ALIGN (0x4)
                0x000000002000000c                _ebss = .

/DISCARD/
 *(.eh_frame)
                0x000000002000000c                . = ALIGN (0x4)
                0x000000002000000c                end = .
                0x0000000020005000                PROVIDE (_stack, (ORIGIN (ram) + 0x5000))
OUTPUT(blink.elf elf32-littlearm)

.debug_info     0x0000000000000000     0x3466
 .debug_info    0x0000000000000000      0x5bc blink.o
 .debug_info    0x00000000000005bc      0x1db /home/miro/toolchain/libopencm3/lib/libopencm3_stm32f1.a(gpio.o)
 .debug_info    0x0000000000000797     0x10f1 /home/miro/toolchain/libopencm3/lib/libopencm3_stm32f1.a(rcc.o)
 .debug_info    0x0000000000001888     0x1181 /home/miro/toolchain/libopencm3/lib/libopencm3_stm32f1.a(timer_common_all.o)
 .debug_info    0x0000000000002a09      0x53a /home/miro/toolchain/libopencm3/lib/libopencm3_stm32f1.a(rcc_common_all.o)
 .debug_info    0x0000000000002f43      0x27f /home/miro/toolchain/libopencm3/lib/libopencm3_stm32f1.a(flash_common_f01.o)
 .debug_info    0x00000000000031c2      0x2a4 /home/miro/toolchain/libopencm3/lib/libopencm3_stm32f1.a(vector.o)

.debug_abbrev   0x0000000000000000      0x86f
 .debug_abbrev  0x0000000000000000      0x114 blink.o
 .debug_abbrev  0x0000000000000114       0xb7 /home/miro/toolchain/libopencm3/lib/libopencm3_stm32f1.a(gpio.o)
 .debug_abbrev  0x00000000000001cb      0x275 /home/miro/toolchain/libopencm3/lib/libopencm3_stm32f1.a(rcc.o)
 .debug_abbrev  0x0000000000000440      0x15c /home/miro/toolchain/libopencm3/lib/libopencm3_stm32f1.a(timer_common_all.o)
 .debug_abbrev  0x000000000000059c       0xc1 /home/miro/toolchain/libopencm3/lib/libopencm3_stm32f1.a(rcc_common_all.o)
 .debug_abbrev  0x000000000000065d       0xe7 /home/miro/toolchain/libopencm3/lib/libopencm3_stm32f1.a(flash_common_f01.o)
 .debug_abbrev  0x0000000000000744      0x12b /home/miro/toolchain/libopencm3/lib/libopencm3_stm32f1.a(vector.o)

.debug_loc      0x0000000000000000      0xe02
 .debug_loc     0x0000000000000000       0x7f blink.o
 .debug_loc     0x000000000000007f      0x175 /home/miro/toolchain/libopencm3/lib/libopencm3_stm32f1.a(gpio.o)
 .debug_loc     0x00000000000001f4      0x3cb /home/miro/toolchain/libopencm3/lib/libopencm3_stm32f1.a(rcc.o)
 .debug_loc     0x00000000000005bf      0x531 /home/miro/toolchain/libopencm3/lib/libopencm3_stm32f1.a(timer_common_all.o)
 .debug_loc     0x0000000000000af0      0x14a /home/miro/toolchain/libopencm3/lib/libopencm3_stm32f1.a(rcc_common_all.o)
 .debug_loc     0x0000000000000c3a       0xd3 /home/miro/toolchain/libopencm3/lib/libopencm3_stm32f1.a(flash_common_f01.o)
 .debug_loc     0x0000000000000d0d       0xf5 /home/miro/toolchain/libopencm3/lib/libopencm3_stm32f1.a(vector.o)

.debug_aranges  0x0000000000000000      0x560
 .debug_aranges
                0x0000000000000000       0x28 blink.o
 .debug_aranges
                0x0000000000000028       0x38 /home/miro/toolchain/libopencm3/lib/libopencm3_stm32f1.a(gpio.o)
 .debug_aranges
                0x0000000000000060      0x168 /home/miro/toolchain/libopencm3/lib/libopencm3_stm32f1.a(rcc.o)
 .debug_aranges
                0x00000000000001c8      0x278 /home/miro/toolchain/libopencm3/lib/libopencm3_stm32f1.a(timer_common_all.o)
 .debug_aranges
                0x0000000000000440       0x68 /home/miro/toolchain/libopencm3/lib/libopencm3_stm32f1.a(rcc_common_all.o)
 .debug_aranges
                0x00000000000004a8       0x88 /home/miro/toolchain/libopencm3/lib/libopencm3_stm32f1.a(flash_common_f01.o)
 .debug_aranges
                0x0000000000000530       0x30 /home/miro/toolchain/libopencm3/lib/libopencm3_stm32f1.a(vector.o)

.debug_ranges   0x0000000000000000      0x520
 .debug_ranges  0x0000000000000000       0x18 blink.o
 .debug_ranges  0x0000000000000018       0x28 /home/miro/toolchain/libopencm3/lib/libopencm3_stm32f1.a(gpio.o)
 .debug_ranges  0x0000000000000040      0x188 /home/miro/toolchain/libopencm3/lib/libopencm3_stm32f1.a(rcc.o)
 .debug_ranges  0x00000000000001c8      0x268 /home/miro/toolchain/libopencm3/lib/libopencm3_stm32f1.a(timer_common_all.o)
 .debug_ranges  0x0000000000000430       0x58 /home/miro/toolchain/libopencm3/lib/libopencm3_stm32f1.a(rcc_common_all.o)
 .debug_ranges  0x0000000000000488       0x78 /home/miro/toolchain/libopencm3/lib/libopencm3_stm32f1.a(flash_common_f01.o)
 .debug_ranges  0x0000000000000500       0x20 /home/miro/toolchain/libopencm3/lib/libopencm3_stm32f1.a(vector.o)

.debug_line     0x0000000000000000     0x1d19
 .debug_line    0x0000000000000000      0x1c9 blink.o
 .debug_line    0x00000000000001c9      0x2a0 /home/miro/toolchain/libopencm3/lib/libopencm3_stm32f1.a(gpio.o)
 .debug_line    0x0000000000000469      0x63a /home/miro/toolchain/libopencm3/lib/libopencm3_stm32f1.a(rcc.o)
 .debug_line    0x0000000000000aa3      0x947 /home/miro/toolchain/libopencm3/lib/libopencm3_stm32f1.a(timer_common_all.o)
 .debug_line    0x00000000000013ea      0x2f4 /home/miro/toolchain/libopencm3/lib/libopencm3_stm32f1.a(rcc_common_all.o)
 .debug_line    0x00000000000016de      0x35b /home/miro/toolchain/libopencm3/lib/libopencm3_stm32f1.a(flash_common_f01.o)
 .debug_line    0x0000000000001a39      0x2e0 /home/miro/toolchain/libopencm3/lib/libopencm3_stm32f1.a(vector.o)

.debug_str      0x0000000000000000    0x11f43
 .debug_str     0x0000000000000000      0x50e blink.o
                                        0x5b6 (size before relaxing)
 .debug_str     0x000000000000050e     0x75e9 /home/miro/toolchain/libopencm3/lib/libopencm3_stm32f1.a(gpio.o)
                                       0x778e (size before relaxing)
 .debug_str     0x0000000000007af7     0x3031 /home/miro/toolchain/libopencm3/lib/libopencm3_stm32f1.a(rcc.o)
                                       0x6fd6 (size before relaxing)
 .debug_str     0x000000000000ab28     0x4c6c /home/miro/toolchain/libopencm3/lib/libopencm3_stm32f1.a(timer_common_all.o)
                                       0xb113 (size before relaxing)
 .debug_str     0x000000000000f794      0x13b /home/miro/toolchain/libopencm3/lib/libopencm3_stm32f1.a(rcc_common_all.o)
                                       0x6885 (size before relaxing)
 .debug_str     0x000000000000f8cf      0x181 /home/miro/toolchain/libopencm3/lib/libopencm3_stm32f1.a(flash_common_f01.o)
                                       0x4835 (size before relaxing)
 .debug_str     0x000000000000fa50     0x24f3 /home/miro/toolchain/libopencm3/lib/libopencm3_stm32f1.a(vector.o)
                                       0x58e0 (size before relaxing)

.comment        0x0000000000000000       0x70
 .comment       0x0000000000000000       0x70 blink.o
                                         0x71 (size before relaxing)
 .comment       0x0000000000000000       0x71 /home/miro/toolchain/libopencm3/lib/libopencm3_stm32f1.a(gpio.o)
 .comment       0x0000000000000000       0x71 /home/miro/toolchain/libopencm3/lib/libopencm3_stm32f1.a(rcc.o)
 .comment       0x0000000000000000       0x71 /home/miro/toolchain/libopencm3/lib/libopencm3_stm32f1.a(timer_common_all.o)
 .comment       0x0000000000000000       0x71 /home/miro/toolchain/libopencm3/lib/libopencm3_stm32f1.a(rcc_common_all.o)
 .comment       0x0000000000000000       0x71 /home/miro/toolchain/libopencm3/lib/libopencm3_stm32f1.a(flash_common_f01.o)
 .comment       0x0000000000000000       0x71 /home/miro/toolchain/libopencm3/lib/libopencm3_stm32f1.a(vector.o)

.ARM.attributes
                0x0000000000000000       0x33
 .ARM.attributes
                0x0000000000000000       0x33 blink.o
 .ARM.attributes
                0x0000000000000033       0x33 /home/miro/toolchain/libopencm3/lib/libopencm3_stm32f1.a(gpio.o)
 .ARM.attributes
                0x0000000000000066       0x33 /home/miro/toolchain/libopencm3/lib/libopencm3_stm32f1.a(rcc.o)
 .ARM.attributes
                0x0000000000000099       0x33 /home/miro/toolchain/libopencm3/lib/libopencm3_stm32f1.a(timer_common_all.o)
 .ARM.attributes
                0x00000000000000cc       0x33 /home/miro/toolchain/libopencm3/lib/libopencm3_stm32f1.a(rcc_common_all.o)
 .ARM.attributes
                0x00000000000000ff       0x33 /home/miro/toolchain/libopencm3/lib/libopencm3_stm32f1.a(flash_common_f01.o)
 .ARM.attributes
                0x0000000000000132       0x33 /home/miro/toolchain/libopencm3/lib/libopencm3_stm32f1.a(vector.o)

.debug_frame    0x0000000000000000      0xa7c
 .debug_frame   0x0000000000000000       0x38 blink.o
 .debug_frame   0x0000000000000038       0x64 /home/miro/toolchain/libopencm3/lib/libopencm3_stm32f1.a(gpio.o)
 .debug_frame   0x000000000000009c      0x300 /home/miro/toolchain/libopencm3/lib/libopencm3_stm32f1.a(rcc.o)
 .debug_frame   0x000000000000039c      0x4d8 /home/miro/toolchain/libopencm3/lib/libopencm3_stm32f1.a(timer_common_all.o)
 .debug_frame   0x0000000000000874       0xb0 /home/miro/toolchain/libopencm3/lib/libopencm3_stm32f1.a(rcc_common_all.o)
 .debug_frame   0x0000000000000924      0x118 /home/miro/toolchain/libopencm3/lib/libopencm3_stm32f1.a(flash_common_f01.o)
 .debug_frame   0x0000000000000a3c       0x40 /home/miro/toolchain/libopencm3/lib/libopencm3_stm32f1.a(vector.o)

.debug_macro    0x0000000000000000     0x3f1a
 .debug_macro   0x0000000000000000       0x98 /home/miro/toolchain/libopencm3/lib/libopencm3_stm32f1.a(gpio.o)
 .debug_macro   0x0000000000000098      0x844 /home/miro/toolchain/libopencm3/lib/libopencm3_stm32f1.a(gpio.o)
 .debug_macro   0x00000000000008dc       0x16 /home/miro/toolchain/libopencm3/lib/libopencm3_stm32f1.a(gpio.o)
 .debug_macro   0x00000000000008f2       0x44 /home/miro/toolchain/libopencm3/lib/libopencm3_stm32f1.a(gpio.o)
 .debug_macro   0x0000000000000936      0x209 /home/miro/toolchain/libopencm3/lib/libopencm3_stm32f1.a(gpio.o)
 .debug_macro   0x0000000000000b3f       0x22 /home/miro/toolchain/libopencm3/lib/libopencm3_stm32f1.a(gpio.o)
 .debug_macro   0x0000000000000b61       0xfa /home/miro/toolchain/libopencm3/lib/libopencm3_stm32f1.a(gpio.o)
 .debug_macro   0x0000000000000c5b       0x58 /home/miro/toolchain/libopencm3/lib/libopencm3_stm32f1.a(gpio.o)
 .debug_macro   0x0000000000000cb3      0x1b4 /home/miro/toolchain/libopencm3/lib/libopencm3_stm32f1.a(gpio.o)
 .debug_macro   0x0000000000000e67       0x76 /home/miro/toolchain/libopencm3/lib/libopencm3_stm32f1.a(gpio.o)
 .debug_macro   0x0000000000000edd      0xdfd /home/miro/toolchain/libopencm3/lib/libopencm3_stm32f1.a(gpio.o)
 .debug_macro   0x0000000000001cda       0xbf /home/miro/toolchain/libopencm3/lib/libopencm3_stm32f1.a(rcc.o)
 .debug_macro   0x0000000000001d99       0x16 /home/miro/toolchain/libopencm3/lib/libopencm3_stm32f1.a(rcc.o)
 .debug_macro   0x0000000000001daf      0x825 /home/miro/toolchain/libopencm3/lib/libopencm3_stm32f1.a(rcc.o)
 .debug_macro   0x00000000000025d4       0xdc /home/miro/toolchain/libopencm3/lib/libopencm3_stm32f1.a(rcc.o)
 .debug_macro   0x00000000000026b0       0x82 /home/miro/toolchain/libopencm3/lib/libopencm3_stm32f1.a(rcc.o)
 .debug_macro   0x0000000000002732       0xb7 /home/miro/toolchain/libopencm3/lib/libopencm3_stm32f1.a(timer_common_all.o)
 .debug_macro   0x00000000000027e9      0xf8f /home/miro/toolchain/libopencm3/lib/libopencm3_stm32f1.a(timer_common_all.o)
 .debug_macro   0x0000000000003778       0xae /home/miro/toolchain/libopencm3/lib/libopencm3_stm32f1.a(rcc_common_all.o)
 .debug_macro   0x0000000000003826       0x98 /home/miro/toolchain/libopencm3/lib/libopencm3_stm32f1.a(flash_common_f01.o)
 .debug_macro   0x00000000000038be       0xaf /home/miro/toolchain/libopencm3/lib/libopencm3_stm32f1.a(vector.o)
 .debug_macro   0x000000000000396d      0x3a1 /home/miro/toolchain/libopencm3/lib/libopencm3_stm32f1.a(vector.o)
 .debug_macro   0x0000000000003d0e       0x6a /home/miro/toolchain/libopencm3/lib/libopencm3_stm32f1.a(vector.o)
 .debug_macro   0x0000000000003d78      0x1a2 /home/miro/toolchain/libopencm3/lib/libopencm3_stm32f1.a(vector.o)
