Archive member included because of file (symbol)

/usr/local/arm-none-eabi//lib/libopencm3_stm32f1.a(gpio.o)
                              blink.o (gpio_set_mode)
/usr/local/arm-none-eabi//lib/libopencm3_stm32f1.a(rcc.o)
                              blink.o (rcc_clock_setup_in_hse_8mhz_out_72mhz)
/usr/local/arm-none-eabi//lib/libopencm3_stm32f1.a(gpio_common_all.o)
                              blink.o (gpio_toggle)
/usr/local/arm-none-eabi//lib/libopencm3_stm32f1.a(rcc_common_all.o)
                              blink.o (rcc_periph_clock_enable)
/usr/local/arm-none-eabi//lib/libopencm3_stm32f1.a(flash_common_f01.o)
                              /usr/local/arm-none-eabi//lib/libopencm3_stm32f1.a(rcc.o) (flash_set_ws)
/usr/local/arm-none-eabi//lib/libopencm3_stm32f1.a(vector.o)
                              (reset_handler)
/usr/local/arm-none-eabi//lib/libopencm3_stm32f1.a(assert.o)
                              /usr/local/arm-none-eabi//lib/libopencm3_stm32f1.a(rcc.o) (cm3_assert_failed)
/usr/local/arm-none-eabi//lib/libopencm3_stm32f1.a(flash.o)
                              /usr/local/arm-none-eabi//lib/libopencm3_stm32f1.a(flash_common_f01.o) (flash_get_status_flags)
/home/miro/agct/bin/../lib/gcc/arm-none-eabi/4.8.4/../../../../arm-none-eabi/lib/armv7-m/libc.a(lib_a-puts.o)
                              blink.o (puts)
/home/miro/agct/bin/../lib/gcc/arm-none-eabi/4.8.4/../../../../arm-none-eabi/lib/armv7-m/libc.a(lib_a-strlen.o)
                              /home/miro/agct/bin/../lib/gcc/arm-none-eabi/4.8.4/../../../../arm-none-eabi/lib/armv7-m/libc.a(lib_a-puts.o) (strlen)
/home/miro/agct/bin/../lib/gcc/arm-none-eabi/4.8.4/../../../../arm-none-eabi/lib/armv7-m/libc.a(lib_a-fvwrite.o)
                              /home/miro/agct/bin/../lib/gcc/arm-none-eabi/4.8.4/../../../../arm-none-eabi/lib/armv7-m/libc.a(lib_a-puts.o) (__sfvwrite_r)
/home/miro/agct/bin/../lib/gcc/arm-none-eabi/4.8.4/../../../../arm-none-eabi/lib/armv7-m/libc.a(lib_a-impure.o)
                              /home/miro/agct/bin/../lib/gcc/arm-none-eabi/4.8.4/../../../../arm-none-eabi/lib/armv7-m/libc.a(lib_a-puts.o) (_impure_ptr)
/home/miro/agct/bin/../lib/gcc/arm-none-eabi/4.8.4/../../../../arm-none-eabi/lib/armv7-m/libc.a(lib_a-mallocr.o)
                              /home/miro/agct/bin/../lib/gcc/arm-none-eabi/4.8.4/../../../../arm-none-eabi/lib/armv7-m/libc.a(lib_a-fvwrite.o) (_malloc_r)
/home/miro/agct/bin/../lib/gcc/arm-none-eabi/4.8.4/../../../../arm-none-eabi/lib/armv7-m/libc.a(lib_a-memchr-stub.o)
                              /home/miro/agct/bin/../lib/gcc/arm-none-eabi/4.8.4/../../../../arm-none-eabi/lib/armv7-m/libc.a(lib_a-fvwrite.o) (memchr)
/home/miro/agct/bin/../lib/gcc/arm-none-eabi/4.8.4/../../../../arm-none-eabi/lib/armv7-m/libc.a(lib_a-memcpy.o)
                              /home/miro/agct/bin/../lib/gcc/arm-none-eabi/4.8.4/../../../../arm-none-eabi/lib/armv7-m/libc.a(lib_a-fvwrite.o) (memcpy)
/home/miro/agct/bin/../lib/gcc/arm-none-eabi/4.8.4/../../../../arm-none-eabi/lib/armv7-m/libc.a(lib_a-memmove.o)
                              /home/miro/agct/bin/../lib/gcc/arm-none-eabi/4.8.4/../../../../arm-none-eabi/lib/armv7-m/libc.a(lib_a-fvwrite.o) (memmove)
/home/miro/agct/bin/../lib/gcc/arm-none-eabi/4.8.4/../../../../arm-none-eabi/lib/armv7-m/libc.a(lib_a-mlock.o)
                              /home/miro/agct/bin/../lib/gcc/arm-none-eabi/4.8.4/../../../../arm-none-eabi/lib/armv7-m/libc.a(lib_a-mallocr.o) (__malloc_lock)
/home/miro/agct/bin/../lib/gcc/arm-none-eabi/4.8.4/../../../../arm-none-eabi/lib/armv7-m/libc.a(lib_a-reallocr.o)
                              /home/miro/agct/bin/../lib/gcc/arm-none-eabi/4.8.4/../../../../arm-none-eabi/lib/armv7-m/libc.a(lib_a-fvwrite.o) (_realloc_r)
/home/miro/agct/bin/../lib/gcc/arm-none-eabi/4.8.4/../../../../arm-none-eabi/lib/armv7-m/libc.a(lib_a-sbrkr.o)
                              /home/miro/agct/bin/../lib/gcc/arm-none-eabi/4.8.4/../../../../arm-none-eabi/lib/armv7-m/libc.a(lib_a-mallocr.o) (_sbrk_r)
/home/miro/agct/bin/../lib/gcc/arm-none-eabi/4.8.4/../../../../arm-none-eabi/lib/armv7-m/libc.a(lib_a-wsetup.o)
                              /home/miro/agct/bin/../lib/gcc/arm-none-eabi/4.8.4/../../../../arm-none-eabi/lib/armv7-m/libc.a(lib_a-fvwrite.o) (__swsetup_r)
/home/miro/agct/bin/../lib/gcc/arm-none-eabi/4.8.4/../../../../arm-none-eabi/lib/armv7-m/libc.a(lib_a-fflush.o)
                              /home/miro/agct/bin/../lib/gcc/arm-none-eabi/4.8.4/../../../../arm-none-eabi/lib/armv7-m/libc.a(lib_a-fvwrite.o) (_fflush_r)
/home/miro/agct/bin/../lib/gcc/arm-none-eabi/4.8.4/../../../../arm-none-eabi/lib/armv7-m/libc.a(lib_a-findfp.o)
                              /home/miro/agct/bin/../lib/gcc/arm-none-eabi/4.8.4/../../../../arm-none-eabi/lib/armv7-m/libc.a(lib_a-wsetup.o) (__sinit)
/home/miro/agct/bin/../lib/gcc/arm-none-eabi/4.8.4/../../../../arm-none-eabi/lib/armv7-m/libc.a(lib_a-freer.o)
[...]
Memory Configuration

Name             Origin             Length             Attributes
rom              0x0000000008000000 0x0000000000010000 xr
ram              0x0000000020000000 0x0000000000005000 xrw
*default*        0x0000000000000000 0xffffffffffffffff

Linker script and memory map

LOAD Adafruit-GFX-Library/Adafruit_GFX.o
LOAD blink.o
LOAD /usr/local/arm-none-eabi//lib/libopencm3_stm32f1.a
START GROUP
LOAD /home/miro/agct/bin/../lib/gcc/arm-none-eabi/4.8.4/../../../../arm-none-eabi/lib/armv7-m/libc.a
LOAD /home/miro/agct/bin/../lib/gcc/arm-none-eabi/4.8.4/armv7-m/libgcc.a
LOAD /home/miro/agct/bin/../lib/gcc/arm-none-eabi/4.8.4/../../../../arm-none-eabi/lib/armv7-m/libnosys.a
END GROUP
START GROUP
LOAD /home/miro/agct/bin/../lib/gcc/arm-none-eabi/4.8.4/armv7-m/libgcc.a
LOAD /home/miro/agct/bin/../lib/gcc/arm-none-eabi/4.8.4/../../../../arm-none-eabi/lib/armv7-m/libc.a
END GROUP

.text           0x0000000008000000     0x2dec
 *(.vectors)
 .vectors       0x0000000008000000      0x150 /usr/local/arm-none-eabi//lib/libopencm3_stm32f1.a(vector.o)
                0x0000000008000000                vector_table
 *(.text*)
 .text.startup.main
                0x0000000008000150       0x58 blink.o
                0x0000000008000150                main
 .text.gpio_set_mode
                0x00000000080001a8       0x70 /usr/local/arm-none-eabi//lib/libopencm3_stm32f1.a(gpio.o)
                0x00000000080001a8                gpio_set_mode
 .text.rcc_osc_on.part.0
                0x0000000008000218       0x10 /usr/local/arm-none-eabi//lib/libopencm3_stm32f1.a(rcc.o)
 .text.rcc_is_osc_ready
                0x0000000008000228       0x5c /usr/local/arm-none-eabi//lib/libopencm3_stm32f1.a(rcc.o)
                0x0000000008000228                rcc_is_osc_ready
 .text.rcc_wait_for_osc_ready
                0x0000000008000284       0x10 /usr/local/arm-none-eabi//lib/libopencm3_stm32f1.a(rcc.o)
                0x0000000008000284                rcc_wait_for_osc_ready
 .text.rcc_osc_on
                0x0000000008000294       0x54 /usr/local/arm-none-eabi//lib/libopencm3_stm32f1.a(rcc.o)
                0x0000000008000294                rcc_osc_on
 .text.rcc_set_sysclk_source
                0x00000000080002e8       0x14 /usr/local/arm-none-eabi//lib/libopencm3_stm32f1.a(rcc.o)
                0x00000000080002e8                rcc_set_sysclk_source
 .text.rcc_set_pll_multiplication_factor
                0x00000000080002fc       0x14 /usr/local/arm-none-eabi//lib/libopencm3_stm32f1.a(rcc.o)
                0x00000000080002fc                rcc_set_pll_multiplication_factor
 .text.rcc_set_pll_source
                0x0000000008000310       0x14 /usr/local/arm-none-eabi//lib/libopencm3_stm32f1.a(rcc.o)
                0x0000000008000310                rcc_set_pll_source
 .text.rcc_set_pllxtpre
                0x0000000008000324       0x14 /usr/local/arm-none-eabi//lib/libopencm3_stm32f1.a(rcc.o)
                0x0000000008000324                rcc_set_pllxtpre
 .text.rcc_set_adcpre
                0x0000000008000338       0x14 /usr/local/arm-none-eabi//lib/libopencm3_stm32f1.a(rcc.o)
                0x0000000008000338                rcc_set_adcpre
 .text.rcc_set_ppre2
                0x000000000800034c       0x14 /usr/local/arm-none-eabi//lib/libopencm3_stm32f1.a(rcc.o)
                0x000000000800034c                rcc_set_ppre2
 .text.rcc_set_ppre1
                0x0000000008000360       0x14 /usr/local/arm-none-eabi//lib/libopencm3_stm32f1.a(rcc.o)
                0x0000000008000360                rcc_set_ppre1
 .text.rcc_set_hpre
                0x0000000008000374       0x14 /usr/local/arm-none-eabi//lib/libopencm3_stm32f1.a(rcc.o)
                0x0000000008000374                rcc_set_hpre
 .text.rcc_clock_setup_in_hse_8mhz_out_72mhz
                0x0000000008000388       0x8c /usr/local/arm-none-eabi//lib/libopencm3_stm32f1.a(rcc.o)
                0x0000000008000388                rcc_clock_setup_in_hse_8mhz_out_72mhz
 .text.gpio_toggle
                0x0000000008000414       0x10 /usr/local/arm-none-eabi//lib/libopencm3_stm32f1.a(gpio_common_all.o)
                0x0000000008000414                gpio_toggle
 .text.rcc_periph_clock_enable
                0x0000000008000424       0x1c /usr/local/arm-none-eabi//lib/libopencm3_stm32f1.a(rcc_common_all.o)
                0x0000000008000424                rcc_periph_clock_enable
 .text.flash_set_ws
                0x0000000008000440       0x14 /usr/local/arm-none-eabi//lib/libopencm3_stm32f1.a(flash_common_f01.o)
                0x0000000008000440                flash_set_ws
 .text.blocking_handler
                0x0000000008000454        0x2 /usr/local/arm-none-eabi//lib/libopencm3_stm32f1.a(vector.o)
                0x0000000008000454                usart3_isr
                0x0000000008000454                rtc_isr
                0x0000000008000454                tim7_isr
                0x0000000008000454                adc1_2_isr
                0x0000000008000454                tim1_trg_com_isr
                0x0000000008000454                usb_hp_can_tx_isr
                0x0000000008000454                tim6_isr
                0x0000000008000454                usb_wakeup_isr
                0x0000000008000454                blocking_handler
                0x0000000008000454                tim5_isr
                0x0000000008000454                otg_fs_isr
                0x0000000008000454                spi1_isr
                0x0000000008000454                dma1_channel6_isr
                0x0000000008000454                exti2_isr
                0x0000000008000454                can_rx1_isr
                0x0000000008000454                dma1_channel5_isr
                0x0000000008000454                dma2_channel5_isr
                0x0000000008000454                usart1_isr
                0x0000000008000454                usage_fault_handler
                0x0000000008000454                tim8_trg_com_isr
                0x0000000008000454                can2_rx0_isr
                0x0000000008000454                tim1_brk_isr
                0x0000000008000454                can2_rx1_isr
                0x0000000008000454                tim1_cc_isr
                0x0000000008000454                sdio_isr
                0x0000000008000454                eth_isr
                0x0000000008000454                dma1_channel4_isr
                0x0000000008000454                tim8_brk_isr
                0x0000000008000454                dma2_channel4_5_isr
                0x0000000008000454                pvd_isr
                0x0000000008000454                rcc_isr
                0x0000000008000454                flash_isr
                0x0000000008000454                uart4_isr
                0x0000000008000454                rtc_alarm_isr
                0x0000000008000454                exti15_10_isr
                0x0000000008000454                hard_fault_handler
                0x0000000008000454                exti1_isr
                0x0000000008000454                i2c1_ev_isr
                0x0000000008000454                dma2_channel1_isr
                0x0000000008000454                spi2_isr
                0x0000000008000454                tim8_up_isr
                0x0000000008000454                dma2_channel2_isr
                0x0000000008000454                adc3_isr
                0x0000000008000454                exti3_isr
                0x0000000008000454                tim3_isr
                0x0000000008000454                usart2_isr
                0x0000000008000454                usb_lp_can_rx0_isr
                0x0000000008000454                i2c2_er_isr
                0x0000000008000454                i2c2_ev_isr
                0x0000000008000454                uart5_isr
                0x0000000008000454                fsmc_isr
                0x0000000008000454                dma1_channel1_isr
                0x0000000008000454                exti4_isr
                0x0000000008000454                mem_manage_handler
                0x0000000008000454                can2_tx_isr
                0x0000000008000454                exti9_5_isr
                0x0000000008000454                dma2_channel3_isr
                0x0000000008000454                dma1_channel7_isr
                0x0000000008000454                tim1_up_isr
                0x0000000008000454                can2_sce_isr
                0x0000000008000454                tim4_isr
                0x0000000008000454                dma1_channel2_isr
                0x0000000008000454                i2c1_er_isr
                0x0000000008000454                can_sce_isr
                0x0000000008000454                tim8_cc_isr
                0x0000000008000454                tamper_isr
                0x0000000008000454                eth_wkup_isr
                0x0000000008000454                bus_fault_handler
                0x0000000008000454                wwdg_isr
                0x0000000008000454                dma1_channel3_isr
                0x0000000008000454                spi3_isr
                0x0000000008000454                tim2_isr
                0x0000000008000454                exti0_isr
 .text.null_handler
                0x0000000008000456        0x2 /usr/local/arm-none-eabi//lib/libopencm3_stm32f1.a(vector.o)
                0x0000000008000456                null_handler
                0x0000000008000456                sv_call_handler
                0x0000000008000456                pend_sv_handler
                0x0000000008000456                debug_monitor_handler
                0x0000000008000456                sys_tick_handler
                0x0000000008000456                nmi_handler
 .text.reset_handler
                0x0000000008000458       0x90 /usr/local/arm-none-eabi//lib/libopencm3_stm32f1.a(vector.o)
                0x0000000008000458                reset_handler
 .text._puts_r  0x00000000080004e8       0x60 /home/miro/agct/bin/../lib/gcc/arm-none-eabi/4.8.4/../../../../arm-none-eabi/lib/armv7-m/libc.a(lib_a-puts.o)
                0x00000000080004e8                _puts_r
 .text.puts     0x0000000008000548       0x10 /home/miro/agct/bin/../lib/gcc/arm-none-eabi/4.8.4/../../../../arm-none-eabi/lib/armv7-m/libc.a(lib_a-puts.o)
                0x0000000008000548                puts
 .text.strlen   0x0000000008000558       0x60 /home/miro/agct/bin/../lib/gcc/arm-none-eabi/4.8.4/../../../../arm-none-eabi/lib/armv7-m/libc.a(lib_a-strlen.o)
                0x0000000008000558                strlen
 .text.__sfvwrite_r
                0x00000000080005b8      0x318 /home/miro/agct/bin/../lib/gcc/arm-none-eabi/4.8.4/../../../../arm-none-eabi/lib/armv7-m/libc.a(lib_a-fvwrite.o)
                0x00000000080005b8                __sfvwrite_r
 .text._malloc_r
                0x00000000080008d0      0x538 /home/miro/agct/bin/../lib/gcc/arm-none-eabi/4.8.4/../../../../arm-none-eabi/lib/armv7-m/libc.a(lib_a-mallocr.o)
                0x00000000080008d0                _malloc_r
 .text.memchr   0x0000000008000e08       0x94 /home/miro/agct/bin/../lib/gcc/arm-none-eabi/4.8.4/../../../../arm-none-eabi/lib/armv7-m/libc.a(lib_a-memchr-stub.o)
                0x0000000008000e08                memchr
 .text          0x0000000008000e9c       0xec /home/miro/agct/bin/../lib/gcc/arm-none-eabi/4.8.4/../../../../arm-none-eabi/lib/armv7-m/libc.a(lib_a-memcpy.o)
                0x0000000008000e9c                memcpy
 .text.memmove  0x0000000008000f88       0xcc /home/miro/agct/bin/../lib/gcc/arm-none-eabi/4.8.4/../../../../arm-none-eabi/lib/armv7-m/libc.a(lib_a-memmove.o)
                0x0000000008000f88                memmove
 .text.__malloc_lock
                0x0000000008001054        0x4 /home/miro/agct/bin/../lib/gcc/arm-none-eabi/4.8.4/../../../../arm-none-eabi/lib/armv7-m/libc.a(lib_a-mlock.o)
                0x0000000008001054                __malloc_lock
 .text.__malloc_unlock
                0x0000000008001058        0x4 /home/miro/agct/bin/../lib/gcc/arm-none-eabi/4.8.4/../../../../arm-none-eabi/lib/armv7-m/libc.a(lib_a-mlock.o)
                0x0000000008001058                __malloc_unlock
 .text._realloc_r
                0x000000000800105c      0x3c0 /home/miro/agct/bin/../lib/gcc/arm-none-eabi/4.8.4/../../../../arm-none-eabi/lib/armv7-m/libc.a(lib_a-reallocr.o)
                0x000000000800105c                _realloc_r
 .text._sbrk_r  0x000000000800141c       0x24 /home/miro/agct/bin/../lib/gcc/arm-none-eabi/4.8.4/../../../../arm-none-eabi/lib/armv7-m/libc.a(lib_a-sbrkr.o)
                0x000000000800141c                _sbrk_r
 .text.__swsetup_r
                0x0000000008001440       0xc4 /home/miro/agct/bin/../lib/gcc/arm-none-eabi/4.8.4/../../../../arm-none-eabi/lib/armv7-m/libc.a(lib_a-wsetup.o)
                0x0000000008001440                __swsetup_r
 .text.__sflush_r
                0x0000000008001504      0x148 /home/miro/agct/bin/../lib/gcc/arm-none-eabi/4.8.4/../../../../arm-none-eabi/lib/armv7-m/libc.a(lib_a-fflush.o)
                0x0000000008001504                __sflush_r
 .text._fflush_r
                0x000000000800164c       0x2c /home/miro/agct/bin/../lib/gcc/arm-none-eabi/4.8.4/../../../../arm-none-eabi/lib/armv7-m/libc.a(lib_a-fflush.o)
                0x000000000800164c                _fflush_r
 .text._cleanup_r
                0x0000000008001678        0xc /home/miro/agct/bin/../lib/gcc/arm-none-eabi/4.8.4/../../../../arm-none-eabi/lib/armv7-m/libc.a(lib_a-findfp.o)
                0x0000000008001678                _cleanup_r
 .text.__sinit  0x0000000008001684       0xf4 /home/miro/agct/bin/../lib/gcc/arm-none-eabi/4.8.4/../../../../arm-none-eabi/lib/armv7-m/libc.a(lib_a-findfp.o)
                0x0000000008001684                __sinit
 .text.__sfp_lock_acquire
                0x0000000008001778        0x4 /home/miro/agct/bin/../lib/gcc/arm-none-eabi/4.8.4/../../../../arm-none-eabi/lib/armv7-m/libc.a(lib_a-findfp.o)
                0x0000000008001778                __sfp_lock_acquire
 .text.__sfp_lock_release
                0x000000000800177c        0x4 /home/miro/agct/bin/../lib/gcc/arm-none-eabi/4.8.4/../../../../arm-none-eabi/lib/armv7-m/libc.a(lib_a-findfp.o)
                0x000000000800177c                __sfp_lock_release
 .text._malloc_trim_r
                0x0000000008001780       0x9c /home/miro/agct/bin/../lib/gcc/arm-none-eabi/4.8.4/../../../../arm-none-eabi/lib/armv7-m/libc.a(lib_a-freer.o)
                0x0000000008001780                _malloc_trim_r
 .text._free_r  0x000000000800181c      0x198 /home/miro/agct/bin/../lib/gcc/arm-none-eabi/4.8.4/../../../../arm-none-eabi/lib/armv7-m/libc.a(lib_a-freer.o)
                0x000000000800181c                _free_r
 .text._fwalk   0x00000000080019b4       0x48 /home/miro/agct/bin/../lib/gcc/arm-none-eabi/4.8.4/../../../../arm-none-eabi/lib/armv7-m/libc.a(lib_a-fwalk.o)
                0x00000000080019b4                _fwalk
 .text.__smakebuf_r
                0x00000000080019fc       0xe0 /home/miro/agct/bin/../lib/gcc/arm-none-eabi/4.8.4/../../../../arm-none-eabi/lib/armv7-m/libc.a(lib_a-makebuf.o)
                0x00000000080019fc                __smakebuf_r
 .text.memset   0x0000000008001adc       0x94 /home/miro/agct/bin/../lib/gcc/arm-none-eabi/4.8.4/../../../../arm-none-eabi/lib/armv7-m/libc.a(lib_a-memset.o)
                0x0000000008001adc                memset
 .text.__sread  0x0000000008001b70       0x24 /home/miro/agct/bin/../lib/gcc/arm-none-eabi/4.8.4/../../../../arm-none-eabi/lib/armv7-m/libc.a(lib_a-stdio.o)
                0x0000000008001b70                __sread
 .text.__swrite
                0x0000000008001b94       0x38 /home/miro/agct/bin/../lib/gcc/arm-none-eabi/4.8.4/../../../../arm-none-eabi/lib/armv7-m/libc.a(lib_a-stdio.o)
                0x0000000008001b94                __swrite
 .text.__sseek  0x0000000008001bcc       0x20 /home/miro/agct/bin/../lib/gcc/arm-none-eabi/4.8.4/../../../../arm-none-eabi/lib/armv7-m/libc.a(lib_a-stdio.o)
                0x0000000008001bcc                __sseek
 .text.__sclose
                0x0000000008001bec        0x8 /home/miro/agct/bin/../lib/gcc/arm-none-eabi/4.8.4/../../../../arm-none-eabi/lib/armv7-m/libc.a(lib_a-stdio.o)
                0x0000000008001bec                __sclose
 .text._write_r
                0x0000000008001bf4       0x28 /home/miro/agct/bin/../lib/gcc/arm-none-eabi/4.8.4/../../../../arm-none-eabi/lib/armv7-m/libc.a(lib_a-writer.o)
                0x0000000008001bf4                _write_r
 .text._close_r
                0x0000000008001c1c       0x24 /home/miro/agct/bin/../lib/gcc/arm-none-eabi/4.8.4/../../../../arm-none-eabi/lib/armv7-m/libc.a(lib_a-closer.o)
                0x0000000008001c1c                _close_r
 .text._fclose_r
                0x0000000008001c40       0x80 /home/miro/agct/bin/../lib/gcc/arm-none-eabi/4.8.4/../../../../arm-none-eabi/lib/armv7-m/libc.a(lib_a-fclose.o)
                0x0000000008001c40                _fclose_r
 .text.fclose   0x0000000008001cc0       0x10 /home/miro/agct/bin/../lib/gcc/arm-none-eabi/4.8.4/../../../../arm-none-eabi/lib/armv7-m/libc.a(lib_a-fclose.o)
                0x0000000008001cc0                fclose
 .text._fstat_r
                0x0000000008001cd0       0x28 /home/miro/agct/bin/../lib/gcc/arm-none-eabi/4.8.4/../../../../arm-none-eabi/lib/armv7-m/libc.a(lib_a-fstatr.o)
                0x0000000008001cd0                _fstat_r
 .text._isatty_r
                0x0000000008001cf8       0x24 /home/miro/agct/bin/../lib/gcc/arm-none-eabi/4.8.4/../../../../arm-none-eabi/lib/armv7-m/libc.a(lib_a-isattyr.o)
                0x0000000008001cf8                _isatty_r
 .text._lseek_r
                0x0000000008001d1c       0x28 /home/miro/agct/bin/../lib/gcc/arm-none-eabi/4.8.4/../../../../arm-none-eabi/lib/armv7-m/libc.a(lib_a-lseekr.o)
                0x0000000008001d1c                _lseek_r
 .text._read_r  0x0000000008001d44       0x28 /home/miro/agct/bin/../lib/gcc/arm-none-eabi/4.8.4/../../../../arm-none-eabi/lib/armv7-m/libc.a(lib_a-readr.o)
                0x0000000008001d44                _read_r
 .text          0x0000000008001d6c      0xa28 /home/miro/agct/bin/../lib/gcc/arm-none-eabi/4.8.4/armv7-m/libgcc.a(unwind-arm.o)
                0x0000000008002050                _Unwind_GetCFA
                0x0000000008002054                __gnu_Unwind_RaiseException
                0x00000000080020b4                __gnu_Unwind_ForcedUnwind
                0x00000000080020c8                __gnu_Unwind_Resume
                0x000000000800210c                __gnu_Unwind_Resume_or_Rethrow
                0x0000000008002128                _Unwind_Complete
                0x000000000800212c                _Unwind_DeleteException
                0x000000000800213c                _Unwind_VRS_Get
                0x000000000800218c                _Unwind_VRS_Set
                0x00000000080021dc                __gnu_Unwind_Backtrace
                0x0000000008002530                __aeabi_unwind_cpp_pr0
                0x0000000008002538                __aeabi_unwind_cpp_pr1
                0x0000000008002540                __aeabi_unwind_cpp_pr2
                0x0000000008002548                _Unwind_VRS_Pop
 .text          0x0000000008002794      0x1ac /home/miro/agct/bin/../lib/gcc/arm-none-eabi/4.8.4/armv7-m/libgcc.a(libunwind.o)
                0x0000000008002794                __restore_core_regs
                0x0000000008002794                restore_core_regs
                0x00000000080027ac                __gnu_Unwind_Restore_VFP
                0x00000000080027b4                __gnu_Unwind_Save_VFP
                0x00000000080027bc                __gnu_Unwind_Restore_VFP_D
                0x00000000080027c4                __gnu_Unwind_Save_VFP_D
                0x00000000080027cc                __gnu_Unwind_Restore_VFP_D_16_to_31
                0x00000000080027d4                __gnu_Unwind_Save_VFP_D_16_to_31
                0x00000000080027dc                __gnu_Unwind_Restore_WMMXD
                0x0000000008002820                __gnu_Unwind_Save_WMMXD
                0x0000000008002864                __gnu_Unwind_Restore_WMMXC
                0x0000000008002878                __gnu_Unwind_Save_WMMXC
                0x000000000800288c                ___Unwind_RaiseException
                0x000000000800288c                _Unwind_RaiseException
                0x00000000080028b0                ___Unwind_Resume
                0x00000000080028b0                _Unwind_Resume
                0x00000000080028d4                _Unwind_Resume_or_Rethrow
                0x00000000080028d4                ___Unwind_Resume_or_Rethrow
                0x00000000080028f8                ___Unwind_ForcedUnwind
                0x00000000080028f8                _Unwind_ForcedUnwind
                0x000000000800291c                _Unwind_Backtrace
                0x000000000800291c                ___Unwind_Backtrace
 .text          0x0000000008002940      0x33c /home/miro/agct/bin/../lib/gcc/arm-none-eabi/4.8.4/armv7-m/libgcc.a(pr-support.o)
                0x0000000008002994                __gnu_unwind_execute
                0x0000000008002c24                __gnu_unwind_frame
                0x0000000008002c4c                _Unwind_GetRegionStart
                0x0000000008002c58                _Unwind_GetLanguageSpecificData
                0x0000000008002c6c                _Unwind_GetDataRelBase
                0x0000000008002c74                _Unwind_GetTextRelBase
 .text._close   0x0000000008002c7c       0x10 /home/miro/agct/bin/../lib/gcc/arm-none-eabi/4.8.4/../../../../arm-none-eabi/lib/armv7-m/libnosys.a(close.o)
                0x0000000008002c7c                _close
 .text._fstat   0x0000000008002c8c       0x10 /home/miro/agct/bin/../lib/gcc/arm-none-eabi/4.8.4/../../../../arm-none-eabi/lib/armv7-m/libnosys.a(fstat.o)
                0x0000000008002c8c                _fstat
 .text._isatty  0x0000000008002c9c       0x10 /home/miro/agct/bin/../lib/gcc/arm-none-eabi/4.8.4/../../../../arm-none-eabi/lib/armv7-m/libnosys.a(isatty.o)
                0x0000000008002c9c                _isatty
 .text._lseek   0x0000000008002cac       0x10 /home/miro/agct/bin/../lib/gcc/arm-none-eabi/4.8.4/../../../../arm-none-eabi/lib/armv7-m/libnosys.a(lseek.o)
                0x0000000008002cac                _lseek
 .text._read    0x0000000008002cbc       0x10 /home/miro/agct/bin/../lib/gcc/arm-none-eabi/4.8.4/../../../../arm-none-eabi/lib/armv7-m/libnosys.a(read.o)
                0x0000000008002cbc                _read
 .text._sbrk    0x0000000008002ccc       0x34 /home/miro/agct/bin/../lib/gcc/arm-none-eabi/4.8.4/../../../../arm-none-eabi/lib/armv7-m/libnosys.a(sbrk.o)
                0x0000000008002ccc                _sbrk
 .text._write   0x0000000008002d00       0x10 /home/miro/agct/bin/../lib/gcc/arm-none-eabi/4.8.4/../../../../arm-none-eabi/lib/armv7-m/libnosys.a(write.o)
                0x0000000008002d00                _write
 .text.abort    0x0000000008002d10       0x10 /home/miro/agct/bin/../lib/gcc/arm-none-eabi/4.8.4/../../../../arm-none-eabi/lib/armv7-m/libc.a(lib_a-abort.o)
                0x0000000008002d10                abort
 .text._raise_r
                0x0000000008002d20       0x58 /home/miro/agct/bin/../lib/gcc/arm-none-eabi/4.8.4/../../../../arm-none-eabi/lib/armv7-m/libc.a(lib_a-signal.o)
                0x0000000008002d20                _raise_r
 .text.raise    0x0000000008002d78       0x10 /home/miro/agct/bin/../lib/gcc/arm-none-eabi/4.8.4/../../../../arm-none-eabi/lib/armv7-m/libc.a(lib_a-signal.o)
                0x0000000008002d78                raise
 .text._kill_r  0x0000000008002d88       0x28 /home/miro/agct/bin/../lib/gcc/arm-none-eabi/4.8.4/../../../../arm-none-eabi/lib/armv7-m/libc.a(lib_a-signalr.o)
                0x0000000008002d88                _kill_r
 .text._getpid_r
                0x0000000008002db0        0x4 /home/miro/agct/bin/../lib/gcc/arm-none-eabi/4.8.4/../../../../arm-none-eabi/lib/armv7-m/libc.a(lib_a-signalr.o)
                0x0000000008002db0                _getpid_r
 .text._getpid  0x0000000008002db4       0x10 /home/miro/agct/bin/../lib/gcc/arm-none-eabi/4.8.4/../../../../arm-none-eabi/lib/armv7-m/libnosys.a(getpid.o)
                0x0000000008002db4                _getpid
 .text._kill    0x0000000008002dc4       0x10 /home/miro/agct/bin/../lib/gcc/arm-none-eabi/4.8.4/../../../../arm-none-eabi/lib/armv7-m/libnosys.a(kill.o)
                0x0000000008002dc4                _kill
 .text._exit    0x0000000008002dd4        0x4 /home/miro/agct/bin/../lib/gcc/arm-none-eabi/4.8.4/../../../../arm-none-eabi/lib/armv7-m/libnosys.a(_exit.o)
                0x0000000008002dd4                _exit
                0x0000000008002dd8                . = ALIGN (0x4)
 *(.rodata*)
 .rodata.str1.1
                0x0000000008002dd8        0xc blink.o
 .rodata.str1.4
                0x0000000008002de4        0x2 /home/miro/agct/bin/../lib/gcc/arm-none-eabi/4.8.4/../../../../arm-none-eabi/lib/armv7-m/libc.a(lib_a-puts.o)
                                          0x4 (size before relaxing)
 *fill*         0x0000000008002de6        0x2 
 .rodata.str1.4
                0x0000000008002de8        0x4 /home/miro/agct/bin/../lib/gcc/arm-none-eabi/4.8.4/../../../../arm-none-eabi/lib/armv7-m/libc.a(lib_a-impure.o)
                0x0000000008002dec                . = ALIGN (0x4)

.glue_7         0x0000000008002dec        0x0
 .glue_7        0x0000000000000000        0x0 linker stubs

.glue_7t        0x0000000008002dec        0x0
 .glue_7t       0x0000000000000000        0x0 linker stubs

.vfp11_veneer   0x0000000008002dec        0x0
 .vfp11_veneer  0x0000000000000000        0x0 linker stubs

.v4_bx          0x0000000008002dec        0x0
 .v4_bx         0x0000000000000000        0x0 linker stubs

.iplt           0x0000000008002dec        0x0
 .iplt          0x0000000000000000        0x0 Adafruit-GFX-Library/Adafruit_GFX.o

.preinit_array  0x0000000008002dec        0x0
                0x0000000008002dec                . = ALIGN (0x4)
                0x0000000008002dec                __preinit_array_start = .
 *(.preinit_array)
                0x0000000008002dec                __preinit_array_end = .

.init_array     0x0000000008002dec        0x0
                0x0000000008002dec                . = ALIGN (0x4)
                0x0000000008002dec                __init_array_start = .
 *(SORT(.init_array.*))
 *(.init_array)
                0x0000000008002dec                __init_array_end = .

.fini_array     0x0000000008002dec        0x0
                0x0000000008002dec                . = ALIGN (0x4)
                0x0000000008002dec                __fini_array_start = .
 *(.fini_array)
 *(SORT(.fini_array.*))
                0x0000000008002dec                __fini_array_end = .

.ARM.extab      0x0000000008002dec       0x30
 *(.ARM.extab*)
 .ARM.extab.text.startup.main
                0x0000000008002dec        0xc blink.o
 .ARM.extab     0x0000000008002df8        0xc /home/miro/agct/bin/../lib/gcc/arm-none-eabi/4.8.4/armv7-m/libgcc.a(unwind-arm.o)
 .ARM.extab     0x0000000008002e04       0x18 /home/miro/agct/bin/../lib/gcc/arm-none-eabi/4.8.4/armv7-m/libgcc.a(pr-support.o)

.ARM.exidx      0x0000000008002e1c       0xd0
                0x0000000008002e1c                __exidx_start = .
 *(.ARM.exidx*)
 .ARM.exidx.text.startup.main
                0x0000000008002e1c       0x10 blink.o
                                          0x8 (size before relaxing)
 .ARM.exidx     0x0000000008002e2c       0x88 /home/miro/agct/bin/../lib/gcc/arm-none-eabi/4.8.4/armv7-m/libgcc.a(unwind-arm.o)
                                         0xd8 (size before relaxing)
 .ARM.exidx     0x0000000008002eb4       0x38 /home/miro/agct/bin/../lib/gcc/arm-none-eabi/4.8.4/armv7-m/libgcc.a(pr-support.o)
                                         0x48 (size before relaxing)
                0x0000000008002eec                __exidx_end = .

.rel.dyn        0x0000000008002eec        0x0
 .rel.iplt      0x0000000000000000        0x0 Adafruit-GFX-Library/Adafruit_GFX.o
                0x0000000008002eec                . = ALIGN (0x4)
                0x0000000008002eec                _etext = .

.data           0x0000000020000000      0x84c load address 0x0000000008002eec
                0x0000000020000000                _data = .
 *(.data*)
 .data.rcc_ahb_frequency
                0x0000000020000000        0x4 /usr/local/arm-none-eabi//lib/libopencm3_stm32f1.a(rcc.o)
                0x0000000020000000                rcc_ahb_frequency
 .data.rcc_apb1_frequency
                0x0000000020000004        0x4 /usr/local/arm-none-eabi//lib/libopencm3_stm32f1.a(rcc.o)
                0x0000000020000004                rcc_apb1_frequency
 .data.rcc_apb2_frequency
                0x0000000020000008        0x4 /usr/local/arm-none-eabi//lib/libopencm3_stm32f1.a(rcc.o)
                0x0000000020000008                rcc_apb2_frequency
 *fill*         0x000000002000000c        0x4 
 .data.impure_data
                0x0000000020000010      0x428 /home/miro/agct/bin/../lib/gcc/arm-none-eabi/4.8.4/../../../../arm-none-eabi/lib/armv7-m/libc.a(lib_a-impure.o)
 .data._impure_ptr
                0x0000000020000438        0x4 /home/miro/agct/bin/../lib/gcc/arm-none-eabi/4.8.4/../../../../arm-none-eabi/lib/armv7-m/libc.a(lib_a-impure.o)
                0x0000000020000438                _impure_ptr
 .data.__malloc_av_
                0x000000002000043c      0x408 /home/miro/agct/bin/../lib/gcc/arm-none-eabi/4.8.4/../../../../arm-none-eabi/lib/armv7-m/libc.a(lib_a-mallocr.o)
                0x000000002000043c                __malloc_av_
 .data.__malloc_trim_threshold
                0x0000000020000844        0x4 /home/miro/agct/bin/../lib/gcc/arm-none-eabi/4.8.4/../../../../arm-none-eabi/lib/armv7-m/libc.a(lib_a-mallocr.o)
                0x0000000020000844                __malloc_trim_threshold
 .data.__malloc_sbrk_base
                0x0000000020000848        0x4 /home/miro/agct/bin/../lib/gcc/arm-none-eabi/4.8.4/../../../../arm-none-eabi/lib/armv7-m/libc.a(lib_a-mallocr.o)
                0x0000000020000848                __malloc_sbrk_base
                0x000000002000084c                . = ALIGN (0x4)
                0x000000002000084c                _edata = .
                0x0000000008002eec                _data_loadaddr = LOADADDR (.data)

.igot.plt       0x000000002000084c        0x0 load address 0x0000000008003738
 .igot.plt      0x0000000000000000        0x0 Adafruit-GFX-Library/Adafruit_GFX.o

.bss            0x000000002000084c       0x3c load address 0x0000000008003738
 *(.bss*)
 .bss.__malloc_max_total_mem
                0x000000002000084c        0x4 /home/miro/agct/bin/../lib/gcc/arm-none-eabi/4.8.4/../../../../arm-none-eabi/lib/armv7-m/libc.a(lib_a-mallocr.o)
                0x000000002000084c                __malloc_max_total_mem
 .bss.__malloc_max_sbrked_mem
                0x0000000020000850        0x4 /home/miro/agct/bin/../lib/gcc/arm-none-eabi/4.8.4/../../../../arm-none-eabi/lib/armv7-m/libc.a(lib_a-mallocr.o)
                0x0000000020000850                __malloc_max_sbrked_mem
 .bss.__malloc_top_pad
                0x0000000020000854        0x4 /home/miro/agct/bin/../lib/gcc/arm-none-eabi/4.8.4/../../../../arm-none-eabi/lib/armv7-m/libc.a(lib_a-mallocr.o)
                0x0000000020000854                __malloc_top_pad
 .bss.__malloc_current_mallinfo
                0x0000000020000858       0x28 /home/miro/agct/bin/../lib/gcc/arm-none-eabi/4.8.4/../../../../arm-none-eabi/lib/armv7-m/libc.a(lib_a-mallocr.o)
                0x0000000020000858                __malloc_current_mallinfo
 .bss.heap_end.4246
                0x0000000020000880        0x4 /home/miro/agct/bin/../lib/gcc/arm-none-eabi/4.8.4/../../../../arm-none-eabi/lib/armv7-m/libnosys.a(sbrk.o)
 *(COMMON)
 COMMON         0x0000000020000884        0x4 /home/miro/agct/bin/../lib/gcc/arm-none-eabi/4.8.4/../../../../arm-none-eabi/lib/armv7-m/libc.a(lib_a-reent.o)
                0x0000000020000884                errno
                0x0000000020000888                . = ALIGN (0x4)
                0x0000000020000888                _ebss = .

/DISCARD/
 *(.eh_frame)
                0x0000000020000888                . = ALIGN (0x4)
                0x0000000020000888                end = .
                0x0000000020005000                PROVIDE (_stack, (ORIGIN (ram) + 0x5000))
OUTPUT(blink.elf elf32-littlearm)

.debug_info     0x0000000000000000     0x22cb
 .debug_info    0x0000000000000000      0x376 blink.o
 .debug_info    0x0000000000000376      0x1db /usr/local/arm-none-eabi//lib/libopencm3_stm32f1.a(gpio.o)
 .debug_info    0x0000000000000551     0x10f1 /usr/local/arm-none-eabi//lib/libopencm3_stm32f1.a(rcc.o)
 .debug_info    0x0000000000001642      0x22c /usr/local/arm-none-eabi//lib/libopencm3_stm32f1.a(gpio_common_all.o)
 .debug_info    0x000000000000186e      0x53a /usr/local/arm-none-eabi//lib/libopencm3_stm32f1.a(rcc_common_all.o)
 .debug_info    0x0000000000001da8      0x27f /usr/local/arm-none-eabi//lib/libopencm3_stm32f1.a(flash_common_f01.o)
 .debug_info    0x0000000000002027      0x2a4 /usr/local/arm-none-eabi//lib/libopencm3_stm32f1.a(vector.o)

.debug_abbrev   0x0000000000000000      0x816
 .debug_abbrev  0x0000000000000000      0x109 blink.o
 .debug_abbrev  0x0000000000000109       0xb7 /usr/local/arm-none-eabi//lib/libopencm3_stm32f1.a(gpio.o)
 .debug_abbrev  0x00000000000001c0      0x275 /usr/local/arm-none-eabi//lib/libopencm3_stm32f1.a(rcc.o)
 .debug_abbrev  0x0000000000000435      0x10e /usr/local/arm-none-eabi//lib/libopencm3_stm32f1.a(gpio_common_all.o)
 .debug_abbrev  0x0000000000000543       0xc1 /usr/local/arm-none-eabi//lib/libopencm3_stm32f1.a(rcc_common_all.o)
 .debug_abbrev  0x0000000000000604       0xe7 /usr/local/arm-none-eabi//lib/libopencm3_stm32f1.a(flash_common_f01.o)
 .debug_abbrev  0x00000000000006eb      0x12b /usr/local/arm-none-eabi//lib/libopencm3_stm32f1.a(vector.o)

.debug_loc      0x0000000000000000      0x915
 .debug_loc     0x0000000000000000       0x4d blink.o
 .debug_loc     0x000000000000004d      0x175 /usr/local/arm-none-eabi//lib/libopencm3_stm32f1.a(gpio.o)
 .debug_loc     0x00000000000001c2      0x3cb /usr/local/arm-none-eabi//lib/libopencm3_stm32f1.a(rcc.o)
 .debug_loc     0x000000000000058d       0x76 /usr/local/arm-none-eabi//lib/libopencm3_stm32f1.a(gpio_common_all.o)
 .debug_loc     0x0000000000000603      0x14a /usr/local/arm-none-eabi//lib/libopencm3_stm32f1.a(rcc_common_all.o)
 .debug_loc     0x000000000000074d       0xd3 /usr/local/arm-none-eabi//lib/libopencm3_stm32f1.a(flash_common_f01.o)
 .debug_loc     0x0000000000000820       0xf5 /usr/local/arm-none-eabi//lib/libopencm3_stm32f1.a(vector.o)

.debug_aranges  0x0000000000000000      0x330
 .debug_aranges
                0x0000000000000000       0x20 blink.o
 .debug_aranges
                0x0000000000000020       0x38 /usr/local/arm-none-eabi//lib/libopencm3_stm32f1.a(gpio.o)
 .debug_aranges
                0x0000000000000058      0x168 /usr/local/arm-none-eabi//lib/libopencm3_stm32f1.a(rcc.o)
 .debug_aranges
                0x00000000000001c0       0x50 /usr/local/arm-none-eabi//lib/libopencm3_stm32f1.a(gpio_common_all.o)
 .debug_aranges
                0x0000000000000210       0x68 /usr/local/arm-none-eabi//lib/libopencm3_stm32f1.a(rcc_common_all.o)
 .debug_aranges
                0x0000000000000278       0x88 /usr/local/arm-none-eabi//lib/libopencm3_stm32f1.a(flash_common_f01.o)
 .debug_aranges
                0x0000000000000300       0x30 /usr/local/arm-none-eabi//lib/libopencm3_stm32f1.a(vector.o)

.debug_ranges   0x0000000000000000      0x2f0
 .debug_ranges  0x0000000000000000       0x10 blink.o
 .debug_ranges  0x0000000000000010       0x28 /usr/local/arm-none-eabi//lib/libopencm3_stm32f1.a(gpio.o)
 .debug_ranges  0x0000000000000038      0x188 /usr/local/arm-none-eabi//lib/libopencm3_stm32f1.a(rcc.o)
 .debug_ranges  0x00000000000001c0       0x40 /usr/local/arm-none-eabi//lib/libopencm3_stm32f1.a(gpio_common_all.o)
 .debug_ranges  0x0000000000000200       0x58 /usr/local/arm-none-eabi//lib/libopencm3_stm32f1.a(rcc_common_all.o)
 .debug_ranges  0x0000000000000258       0x78 /usr/local/arm-none-eabi//lib/libopencm3_stm32f1.a(flash_common_f01.o)
 .debug_ranges  0x00000000000002d0       0x20 /usr/local/arm-none-eabi//lib/libopencm3_stm32f1.a(vector.o)

.debug_line     0x0000000000000000     0x154f
 .debug_line    0x0000000000000000      0x167 blink.o
 .debug_line    0x0000000000000167      0x278 /usr/local/arm-none-eabi//lib/libopencm3_stm32f1.a(gpio.o)
 .debug_line    0x00000000000003df      0x612 /usr/local/arm-none-eabi//lib/libopencm3_stm32f1.a(rcc.o)
 .debug_line    0x00000000000009f1      0x2a7 /usr/local/arm-none-eabi//lib/libopencm3_stm32f1.a(gpio_common_all.o)
 .debug_line    0x0000000000000c98      0x2cc /usr/local/arm-none-eabi//lib/libopencm3_stm32f1.a(rcc_common_all.o)
 .debug_line    0x0000000000000f64      0x333 /usr/local/arm-none-eabi//lib/libopencm3_stm32f1.a(flash_common_f01.o)
 .debug_line    0x0000000000001297      0x2b8 /usr/local/arm-none-eabi//lib/libopencm3_stm32f1.a(vector.o)

.debug_str      0x0000000000000000     0xd3bb
 .debug_str     0x0000000000000000      0x375 blink.o
                                        0x422 (size before relaxing)
 .debug_str     0x0000000000000375     0x75f6 /usr/local/arm-none-eabi//lib/libopencm3_stm32f1.a(gpio.o)
                                       0x7788 (size before relaxing)
 .debug_str     0x000000000000796b     0x3040 /usr/local/arm-none-eabi//lib/libopencm3_stm32f1.a(rcc.o)
                                       0x6fdf (size before relaxing)
 .debug_str     0x000000000000a9ab       0x6e /usr/local/arm-none-eabi//lib/libopencm3_stm32f1.a(gpio_common_all.o)
                                       0x777c (size before relaxing)
 .debug_str     0x000000000000aa19      0x32e /usr/local/arm-none-eabi//lib/libopencm3_stm32f1.a(rcc_common_all.o)
                                       0x688e (size before relaxing)
 .debug_str     0x000000000000ad47      0x181 /usr/local/arm-none-eabi//lib/libopencm3_stm32f1.a(flash_common_f01.o)
                                       0x482f (size before relaxing)
 .debug_str     0x000000000000aec8     0x24f3 /usr/local/arm-none-eabi//lib/libopencm3_stm32f1.a(vector.o)
                                       0x58da (size before relaxing)

.comment        0x0000000000000000       0x70
 .comment       0x0000000000000000       0x70 blink.o
                                         0x71 (size before relaxing)
 .comment       0x0000000000000000       0x71 /usr/local/arm-none-eabi//lib/libopencm3_stm32f1.a(gpio.o)
 .comment       0x0000000000000000       0x71 /usr/local/arm-none-eabi//lib/libopencm3_stm32f1.a(rcc.o)
 .comment       0x0000000000000000       0x71 /usr/local/arm-none-eabi//lib/libopencm3_stm32f1.a(gpio_common_all.o)
 .comment       0x0000000000000000       0x71 /usr/local/arm-none-eabi//lib/libopencm3_stm32f1.a(rcc_common_all.o)
 .comment       0x0000000000000000       0x71 /usr/local/arm-none-eabi//lib/libopencm3_stm32f1.a(flash_common_f01.o)
 .comment       0x0000000000000000       0x71 /usr/local/arm-none-eabi//lib/libopencm3_stm32f1.a(vector.o)

.ARM.attributes
                0x0000000000000000       0x33
 .ARM.attributes
                0x0000000000000000       0x30 blink.o
 .ARM.attributes
                0x0000000000000030       0x33 /usr/local/arm-none-eabi//lib/libopencm3_stm32f1.a(gpio.o)
 .ARM.attributes
                0x0000000000000063       0x33 /usr/local/arm-none-eabi//lib/libopencm3_stm32f1.a(rcc.o)
 .ARM.attributes
                0x0000000000000096       0x33 /usr/local/arm-none-eabi//lib/libopencm3_stm32f1.a(gpio_common_all.o)
 .ARM.attributes
                0x00000000000000c9       0x33 /usr/local/arm-none-eabi//lib/libopencm3_stm32f1.a(rcc_common_all.o)
 .ARM.attributes
                0x00000000000000fc       0x33 /usr/local/arm-none-eabi//lib/libopencm3_stm32f1.a(flash_common_f01.o)
 .ARM.attributes
                0x000000000000012f       0x33 /usr/local/arm-none-eabi//lib/libopencm3_stm32f1.a(vector.o)
 .ARM.attributes
                0x0000000000000162       0x2d /home/miro/agct/bin/../lib/gcc/arm-none-eabi/4.8.4/../../../../arm-none-eabi/lib/armv7-m/libc.a(lib_a-puts.o)
 .ARM.attributes
                0x000000000000018f       0x2d /home/miro/agct/bin/../lib/gcc/arm-none-eabi/4.8.4/../../../../arm-none-eabi/lib/armv7-m/libc.a(lib_a-strlen.o)
 .ARM.attributes
                0x00000000000001bc       0x2d /home/miro/agct/bin/../lib/gcc/arm-none-eabi/4.8.4/../../../../arm-none-eabi/lib/armv7-m/libc.a(lib_a-fvwrite.o)
 .ARM.attributes
                0x00000000000001e9       0x2d /home/miro/agct/bin/../lib/gcc/arm-none-eabi/4.8.4/../../../../arm-none-eabi/lib/armv7-m/libc.a(lib_a-impure.o)
 .ARM.attributes
                0x0000000000000216       0x2d /home/miro/agct/bin/../lib/gcc/arm-none-eabi/4.8.4/../../../../arm-none-eabi/lib/armv7-m/libc.a(lib_a-mallocr.o)
 .ARM.attributes
                0x0000000000000243       0x2d /home/miro/agct/bin/../lib/gcc/arm-none-eabi/4.8.4/../../../../arm-none-eabi/lib/armv7-m/libc.a(lib_a-memchr-stub.o)
 .ARM.attributes
                0x0000000000000270       0x1b /home/miro/agct/bin/../lib/gcc/arm-none-eabi/4.8.4/../../../../arm-none-eabi/lib/armv7-m/libc.a(lib_a-memcpy.o)
 .ARM.attributes
                0x000000000000028b       0x2d /home/miro/agct/bin/../lib/gcc/arm-none-eabi/4.8.4/../../../../arm-none-eabi/lib/armv7-m/libc.a(lib_a-memmove.o)
 .ARM.attributes
                0x00000000000002b8       0x2d /home/miro/agct/bin/../lib/gcc/arm-none-eabi/4.8.4/../../../../arm-none-eabi/lib/armv7-m/libc.a(lib_a-mlock.o)
 .ARM.attributes
                0x00000000000002e5       0x2d /home/miro/agct/bin/../lib/gcc/arm-none-eabi/4.8.4/../../../../arm-none-eabi/lib/armv7-m/libc.a(lib_a-reallocr.o)
 .ARM.attributes
                0x0000000000000312       0x2d /home/miro/agct/bin/../lib/gcc/arm-none-eabi/4.8.4/../../../../arm-none-eabi/lib/armv7-m/libc.a(lib_a-sbrkr.o)
 .ARM.attributes
                0x000000000000033f       0x2d /home/miro/agct/bin/../lib/gcc/arm-none-eabi/4.8.4/../../../../arm-none-eabi/lib/armv7-m/libc.a(lib_a-wsetup.o)
 .ARM.attributes
                0x000000000000036c       0x2d /home/miro/agct/bin/../lib/gcc/arm-none-eabi/4.8.4/../../../../arm-none-eabi/lib/armv7-m/libc.a(lib_a-fflush.o)
 .ARM.attributes
                0x0000000000000399       0x2d /home/miro/agct/bin/../lib/gcc/arm-none-eabi/4.8.4/../../../../arm-none-eabi/lib/armv7-m/libc.a(lib_a-findfp.o)
 .ARM.attributes
                0x00000000000003c6       0x2d /home/miro/agct/bin/../lib/gcc/arm-none-eabi/4.8.4/../../../../arm-none-eabi/lib/armv7-m/libc.a(lib_a-freer.o)
 .ARM.attributes
                0x00000000000003f3       0x2d /home/miro/agct/bin/../lib/gcc/arm-none-eabi/4.8.4/../../../../arm-none-eabi/lib/armv7-m/libc.a(lib_a-fwalk.o)
 .ARM.attributes
                0x0000000000000420       0x2d /home/miro/agct/bin/../lib/gcc/arm-none-eabi/4.8.4/../../../../arm-none-eabi/lib/armv7-m/libc.a(lib_a-makebuf.o)
 .ARM.attributes
                0x000000000000044d       0x2d /home/miro/agct/bin/../lib/gcc/arm-none-eabi/4.8.4/../../../../arm-none-eabi/lib/armv7-m/libc.a(lib_a-memset.o)
 .ARM.attributes
                0x000000000000047a       0x2d /home/miro/agct/bin/../lib/gcc/arm-none-eabi/4.8.4/../../../../arm-none-eabi/lib/armv7-m/libc.a(lib_a-reent.o)
 .ARM.attributes
                0x00000000000004a7       0x2d /home/miro/agct/bin/../lib/gcc/arm-none-eabi/4.8.4/../../../../arm-none-eabi/lib/armv7-m/libc.a(lib_a-stdio.o)
 .ARM.attributes
                0x00000000000004d4       0x2d /home/miro/agct/bin/../lib/gcc/arm-none-eabi/4.8.4/../../../../arm-none-eabi/lib/armv7-m/libc.a(lib_a-writer.o)
 .ARM.attributes
                0x0000000000000501       0x2d /home/miro/agct/bin/../lib/gcc/arm-none-eabi/4.8.4/../../../../arm-none-eabi/lib/armv7-m/libc.a(lib_a-closer.o)
 .ARM.attributes
                0x000000000000052e       0x2d /home/miro/agct/bin/../lib/gcc/arm-none-eabi/4.8.4/../../../../arm-none-eabi/lib/armv7-m/libc.a(lib_a-fclose.o)
 .ARM.attributes
                0x000000000000055b       0x2d /home/miro/agct/bin/../lib/gcc/arm-none-eabi/4.8.4/../../../../arm-none-eabi/lib/armv7-m/libc.a(lib_a-fstatr.o)
 .ARM.attributes
                0x0000000000000588       0x2d /home/miro/agct/bin/../lib/gcc/arm-none-eabi/4.8.4/../../../../arm-none-eabi/lib/armv7-m/libc.a(lib_a-isattyr.o)
 .ARM.attributes
                0x00000000000005b5       0x2d /home/miro/agct/bin/../lib/gcc/arm-none-eabi/4.8.4/../../../../arm-none-eabi/lib/armv7-m/libc.a(lib_a-lseekr.o)
 .ARM.attributes
                0x00000000000005e2       0x2d /home/miro/agct/bin/../lib/gcc/arm-none-eabi/4.8.4/../../../../arm-none-eabi/lib/armv7-m/libc.a(lib_a-readr.o)
 .ARM.attributes
                0x000000000000060f       0x2d /home/miro/agct/bin/../lib/gcc/arm-none-eabi/4.8.4/../../../../arm-none-eabi/lib/armv7-m/libnosys.a(close.o)
 .ARM.attributes
                0x000000000000063c       0x2d /home/miro/agct/bin/../lib/gcc/arm-none-eabi/4.8.4/../../../../arm-none-eabi/lib/armv7-m/libnosys.a(fstat.o)
 .ARM.attributes
                0x0000000000000669       0x2d /home/miro/agct/bin/../lib/gcc/arm-none-eabi/4.8.4/../../../../arm-none-eabi/lib/armv7-m/libnosys.a(isatty.o)
 .ARM.attributes
                0x0000000000000696       0x2d /home/miro/agct/bin/../lib/gcc/arm-none-eabi/4.8.4/../../../../arm-none-eabi/lib/armv7-m/libnosys.a(lseek.o)
 .ARM.attributes
                0x00000000000006c3       0x2d /home/miro/agct/bin/../lib/gcc/arm-none-eabi/4.8.4/../../../../arm-none-eabi/lib/armv7-m/libnosys.a(read.o)
 .ARM.attributes
                0x00000000000006f0       0x2d /home/miro/agct/bin/../lib/gcc/arm-none-eabi/4.8.4/../../../../arm-none-eabi/lib/armv7-m/libnosys.a(sbrk.o)
 .ARM.attributes
                0x000000000000071d       0x2d /home/miro/agct/bin/../lib/gcc/arm-none-eabi/4.8.4/../../../../arm-none-eabi/lib/armv7-m/libnosys.a(write.o)

.debug_frame    0x0000000000000000      0xd54
 .debug_frame   0x0000000000000000       0x28 blink.o
 .debug_frame   0x0000000000000028       0x64 /usr/local/arm-none-eabi//lib/libopencm3_stm32f1.a(gpio.o)
 .debug_frame   0x000000000000008c      0x300 /usr/local/arm-none-eabi//lib/libopencm3_stm32f1.a(rcc.o)
 .debug_frame   0x000000000000038c       0x80 /usr/local/arm-none-eabi//lib/libopencm3_stm32f1.a(gpio_common_all.o)
 .debug_frame   0x000000000000040c       0xb0 /usr/local/arm-none-eabi//lib/libopencm3_stm32f1.a(rcc_common_all.o)
 .debug_frame   0x00000000000004bc      0x118 /usr/local/arm-none-eabi//lib/libopencm3_stm32f1.a(flash_common_f01.o)
 .debug_frame   0x00000000000005d4       0x40 /usr/local/arm-none-eabi//lib/libopencm3_stm32f1.a(vector.o)
 .debug_frame   0x0000000000000614       0x40 /home/miro/agct/bin/../lib/gcc/arm-none-eabi/4.8.4/../../../../arm-none-eabi/lib/armv7-m/libc.a(lib_a-puts.o)
 .debug_frame   0x0000000000000654       0x20 /home/miro/agct/bin/../lib/gcc/arm-none-eabi/4.8.4/../../../../arm-none-eabi/lib/armv7-m/libc.a(lib_a-strlen.o)
 .debug_frame   0x0000000000000674       0x38 /home/miro/agct/bin/../lib/gcc/arm-none-eabi/4.8.4/../../../../arm-none-eabi/lib/armv7-m/libc.a(lib_a-fvwrite.o)
 .debug_frame   0x00000000000006ac       0x38 /home/miro/agct/bin/../lib/gcc/arm-none-eabi/4.8.4/../../../../arm-none-eabi/lib/armv7-m/libc.a(lib_a-mallocr.o)
 .debug_frame   0x00000000000006e4       0x2c /home/miro/agct/bin/../lib/gcc/arm-none-eabi/4.8.4/../../../../arm-none-eabi/lib/armv7-m/libc.a(lib_a-memchr-stub.o)
 .debug_frame   0x0000000000000710       0x2c /home/miro/agct/bin/../lib/gcc/arm-none-eabi/4.8.4/../../../../arm-none-eabi/lib/armv7-m/libc.a(lib_a-memmove.o)
 .debug_frame   0x000000000000073c       0x30 /home/miro/agct/bin/../lib/gcc/arm-none-eabi/4.8.4/../../../../arm-none-eabi/lib/armv7-m/libc.a(lib_a-mlock.o)
 .debug_frame   0x000000000000076c       0x38 /home/miro/agct/bin/../lib/gcc/arm-none-eabi/4.8.4/../../../../arm-none-eabi/lib/armv7-m/libc.a(lib_a-reallocr.o)
 .debug_frame   0x00000000000007a4       0x2c /home/miro/agct/bin/../lib/gcc/arm-none-eabi/4.8.4/../../../../arm-none-eabi/lib/armv7-m/libc.a(lib_a-sbrkr.o)
 .debug_frame   0x00000000000007d0       0x2c /home/miro/agct/bin/../lib/gcc/arm-none-eabi/4.8.4/../../../../arm-none-eabi/lib/armv7-m/libc.a(lib_a-wsetup.o)
 .debug_frame   0x00000000000007fc       0x5c /home/miro/agct/bin/../lib/gcc/arm-none-eabi/4.8.4/../../../../arm-none-eabi/lib/armv7-m/libc.a(lib_a-fflush.o)
 .debug_frame   0x0000000000000858      0x110 /home/miro/agct/bin/../lib/gcc/arm-none-eabi/4.8.4/../../../../arm-none-eabi/lib/armv7-m/libc.a(lib_a-findfp.o)
 .debug_frame   0x0000000000000968       0x50 /home/miro/agct/bin/../lib/gcc/arm-none-eabi/4.8.4/../../../../arm-none-eabi/lib/armv7-m/libc.a(lib_a-freer.o)
 .debug_frame   0x00000000000009b8       0x54 /home/miro/agct/bin/../lib/gcc/arm-none-eabi/4.8.4/../../../../arm-none-eabi/lib/armv7-m/libc.a(lib_a-fwalk.o)
 .debug_frame   0x0000000000000a0c       0x30 /home/miro/agct/bin/../lib/gcc/arm-none-eabi/4.8.4/../../../../arm-none-eabi/lib/armv7-m/libc.a(lib_a-makebuf.o)
 .debug_frame   0x0000000000000a3c       0x2c /home/miro/agct/bin/../lib/gcc/arm-none-eabi/4.8.4/../../../../arm-none-eabi/lib/armv7-m/libc.a(lib_a-memset.o)
 .debug_frame   0x0000000000000a68       0x48 /home/miro/agct/bin/../lib/gcc/arm-none-eabi/4.8.4/../../../../arm-none-eabi/lib/armv7-m/libc.a(lib_a-reent.o)
 .debug_frame   0x0000000000000ab0       0x80 /home/miro/agct/bin/../lib/gcc/arm-none-eabi/4.8.4/../../../../arm-none-eabi/lib/armv7-m/libc.a(lib_a-stdio.o)
 .debug_frame   0x0000000000000b30       0x2c /home/miro/agct/bin/../lib/gcc/arm-none-eabi/4.8.4/../../../../arm-none-eabi/lib/armv7-m/libc.a(lib_a-writer.o)
 .debug_frame   0x0000000000000b5c       0x2c /home/miro/agct/bin/../lib/gcc/arm-none-eabi/4.8.4/../../../../arm-none-eabi/lib/armv7-m/libc.a(lib_a-closer.o)
 .debug_frame   0x0000000000000b88       0x3c /home/miro/agct/bin/../lib/gcc/arm-none-eabi/4.8.4/../../../../arm-none-eabi/lib/armv7-m/libc.a(lib_a-fclose.o)
 .debug_frame   0x0000000000000bc4       0x2c /home/miro/agct/bin/../lib/gcc/arm-none-eabi/4.8.4/../../../../arm-none-eabi/lib/armv7-m/libc.a(lib_a-fstatr.o)
 .debug_frame   0x0000000000000bf0       0x2c /home/miro/agct/bin/../lib/gcc/arm-none-eabi/4.8.4/../../../../arm-none-eabi/lib/armv7-m/libc.a(lib_a-isattyr.o)
 .debug_frame   0x0000000000000c1c       0x2c /home/miro/agct/bin/../lib/gcc/arm-none-eabi/4.8.4/../../../../arm-none-eabi/lib/armv7-m/libc.a(lib_a-lseekr.o)
 .debug_frame   0x0000000000000c48       0x2c /home/miro/agct/bin/../lib/gcc/arm-none-eabi/4.8.4/../../../../arm-none-eabi/lib/armv7-m/libc.a(lib_a-readr.o)
 .debug_frame   0x0000000000000c74       0x20 /home/miro/agct/bin/../lib/gcc/arm-none-eabi/4.8.4/../../../../arm-none-eabi/lib/armv7-m/libnosys.a(close.o)
 .debug_frame   0x0000000000000c94       0x20 /home/miro/agct/bin/../lib/gcc/arm-none-eabi/4.8.4/../../../../arm-none-eabi/lib/armv7-m/libnosys.a(fstat.o)
 .debug_frame   0x0000000000000cb4       0x20 /home/miro/agct/bin/../lib/gcc/arm-none-eabi/4.8.4/../../../../arm-none-eabi/lib/armv7-m/libnosys.a(isatty.o)
 .debug_frame   0x0000000000000cd4       0x20 /home/miro/agct/bin/../lib/gcc/arm-none-eabi/4.8.4/../../../../arm-none-eabi/lib/armv7-m/libnosys.a(lseek.o)
 .debug_frame   0x0000000000000cf4       0x20 /home/miro/agct/bin/../lib/gcc/arm-none-eabi/4.8.4/../../../../arm-none-eabi/lib/armv7-m/libnosys.a(read.o)
 .debug_frame   0x0000000000000d14       0x20 /home/miro/agct/bin/../lib/gcc/arm-none-eabi/4.8.4/../../../../arm-none-eabi/lib/armv7-m/libnosys.a(sbrk.o)
 .debug_frame   0x0000000000000d34       0x20 /home/miro/agct/bin/../lib/gcc/arm-none-eabi/4.8.4/../../../../arm-none-eabi/lib/armv7-m/libnosys.a(write.o)

.debug_macro    0x0000000000000000     0x2f6c
 .debug_macro   0x0000000000000000       0x98 /usr/local/arm-none-eabi//lib/libopencm3_stm32f1.a(gpio.o)
 .debug_macro   0x0000000000000098      0x844 /usr/local/arm-none-eabi//lib/libopencm3_stm32f1.a(gpio.o)
 .debug_macro   0x00000000000008dc       0x16 /usr/local/arm-none-eabi//lib/libopencm3_stm32f1.a(gpio.o)
 .debug_macro   0x00000000000008f2       0x44 /usr/local/arm-none-eabi//lib/libopencm3_stm32f1.a(gpio.o)
 .debug_macro   0x0000000000000936      0x209 /usr/local/arm-none-eabi//lib/libopencm3_stm32f1.a(gpio.o)
 .debug_macro   0x0000000000000b3f       0x22 /usr/local/arm-none-eabi//lib/libopencm3_stm32f1.a(gpio.o)
 .debug_macro   0x0000000000000b61       0xfa /usr/local/arm-none-eabi//lib/libopencm3_stm32f1.a(gpio.o)
 .debug_macro   0x0000000000000c5b       0x58 /usr/local/arm-none-eabi//lib/libopencm3_stm32f1.a(gpio.o)
 .debug_macro   0x0000000000000cb3      0x1b4 /usr/local/arm-none-eabi//lib/libopencm3_stm32f1.a(gpio.o)
 .debug_macro   0x0000000000000e67       0x76 /usr/local/arm-none-eabi//lib/libopencm3_stm32f1.a(gpio.o)
 .debug_macro   0x0000000000000edd      0xdfd /usr/local/arm-none-eabi//lib/libopencm3_stm32f1.a(gpio.o)
 .debug_macro   0x0000000000001cda       0xbf /usr/local/arm-none-eabi//lib/libopencm3_stm32f1.a(rcc.o)
 .debug_macro   0x0000000000001d99       0x16 /usr/local/arm-none-eabi//lib/libopencm3_stm32f1.a(rcc.o)
 .debug_macro   0x0000000000001daf      0x825 /usr/local/arm-none-eabi//lib/libopencm3_stm32f1.a(rcc.o)
 .debug_macro   0x00000000000025d4       0xdc /usr/local/arm-none-eabi//lib/libopencm3_stm32f1.a(rcc.o)
 .debug_macro   0x00000000000026b0       0x82 /usr/local/arm-none-eabi//lib/libopencm3_stm32f1.a(rcc.o)
 .debug_macro   0x0000000000002732       0x98 /usr/local/arm-none-eabi//lib/libopencm3_stm32f1.a(gpio_common_all.o)
 .debug_macro   0x00000000000027ca       0xae /usr/local/arm-none-eabi//lib/libopencm3_stm32f1.a(rcc_common_all.o)
 .debug_macro   0x0000000000002878       0x98 /usr/local/arm-none-eabi//lib/libopencm3_stm32f1.a(flash_common_f01.o)
 .debug_macro   0x0000000000002910       0xaf /usr/local/arm-none-eabi//lib/libopencm3_stm32f1.a(vector.o)
 .debug_macro   0x00000000000029bf      0x3a1 /usr/local/arm-none-eabi//lib/libopencm3_stm32f1.a(vector.o)
 .debug_macro   0x0000000000002d60       0x6a /usr/local/arm-none-eabi//lib/libopencm3_stm32f1.a(vector.o)
 .debug_macro   0x0000000000002dca      0x1a2 /usr/local/arm-none-eabi//lib/libopencm3_stm32f1.a(vector.o)

.stab           0x0000000000000000       0x9c
 .stab          0x0000000000000000       0x24 /home/miro/agct/bin/../lib/gcc/arm-none-eabi/4.8.4/../../../../arm-none-eabi/lib/armv7-m/libnosys.a(close.o)
 .stab          0x0000000000000024       0x18 /home/miro/agct/bin/../lib/gcc/arm-none-eabi/4.8.4/../../../../arm-none-eabi/lib/armv7-m/libnosys.a(fstat.o)
                                         0x24 (size before relaxing)
 .stab          0x000000000000003c       0x18 /home/miro/agct/bin/../lib/gcc/arm-none-eabi/4.8.4/../../../../arm-none-eabi/lib/armv7-m/libnosys.a(isatty.o)
                                         0x24 (size before relaxing)
 .stab          0x0000000000000054       0x18 /home/miro/agct/bin/../lib/gcc/arm-none-eabi/4.8.4/../../../../arm-none-eabi/lib/armv7-m/libnosys.a(lseek.o)
                                         0x24 (size before relaxing)
 .stab          0x000000000000006c       0x18 /home/miro/agct/bin/../lib/gcc/arm-none-eabi/4.8.4/../../../../arm-none-eabi/lib/armv7-m/libnosys.a(read.o)
                                         0x24 (size before relaxing)
 .stab          0x0000000000000084       0x18 /home/miro/agct/bin/../lib/gcc/arm-none-eabi/4.8.4/../../../../arm-none-eabi/lib/armv7-m/libnosys.a(write.o)
                                         0x24 (size before relaxing)

.stabstr        0x0000000000000000      0x1b9
 .stabstr       0x0000000000000000      0x1b9 /home/miro/agct/bin/../lib/gcc/arm-none-eabi/4.8.4/../../../../arm-none-eabi/lib/armv7-m/libnosys.a(close.o)
